Component: ARM Compiler 5.06 update 5 (build 528) Tool: armlink [4d35e2]

==============================================================================

Section Cross References

    main.o(.text) refers to map.o(.text) for Init_All
    stm32f10x_it.o(.text) refers to stm32f10x_tim.o(.text) for TIM_GetITStatus
    system_stm32f10x.o(.text) refers to system_stm32f10x.o(.data) for SystemCoreClock
    led.o(.text) refers to stm32f10x_rcc.o(.text) for RCC_APB2PeriphClockCmd
    led.o(.text) refers to stm32f10x_gpio.o(.text) for GPIO_Init
    key.o(.text) refers to stm32f10x_rcc.o(.text) for RCC_APB2PeriphClockCmd
    key.o(.text) refers to stm32f10x_gpio.o(.text) for GPIO_Init
    key.o(.text) refers to delay.o(.text) for delay_ms
    key.o(.text) refers to key.o(.data) for key_up
    timer.o(.text) refers to stm32f10x_rcc.o(.text) for RCC_APB1PeriphClockCmd
    timer.o(.text) refers to stm32f10x_tim.o(.text) for TIM_TimeBaseInit
    timer.o(.text) refers to misc.o(.text) for NVIC_Init
    timer.o(.text) refers to stm32f10x_gpio.o(.text) for GPIO_PinRemapConfig
    timer.o(.text) refers to system_stm32f10x.o(.data) for SystemCoreClock
    tracker.o(.text) refers to stm32f10x_rcc.o(.text) for RCC_APB2PeriphClockCmd
    tracker.o(.text) refers to stm32f10x_gpio.o(.text) for GPIO_Init
    tracker.o(.text) refers to fflti.o(.text) for __aeabi_i2f
    tracker.o(.text) refers to fmul.o(.text) for __aeabi_fmul
    tracker.o(.text) refers to ffltui.o(.text) for __aeabi_ui2f
    tracker.o(.text) refers to fadd.o(.text) for __aeabi_fadd
    tracker.o(.text) refers to ffixui.o(.text) for __aeabi_f2uiz
    tracker.o(.text) refers to motor.o(.text) for Motor_PWM
    tracker.o(.text) refers to stm32f10x_tim.o(.text) for TIM_SetCounter
    tracker.o(.text) refers to tracker.o(.data) for SensorA
    tracker.o(.text) refers to tracker.o(.constdata) for weight
    tracker.o(.text) refers to encoder.o(.text) for Encoder_Get
    motor.o(.text) refers to stm32f10x_rcc.o(.text) for RCC_APB2PeriphClockCmd
    motor.o(.text) refers to stm32f10x_gpio.o(.text) for GPIO_Init
    motor.o(.text) refers to fdiv.o(.text) for __aeabi_fdiv
    motor.o(.text) refers to fmul.o(.text) for __aeabi_fmul
    motor.o(.text) refers to fadd.o(.text) for __aeabi_fsub
    motor.o(.text) refers to ffixui.o(.text) for __aeabi_f2uiz
    motor.o(.text) refers to stm32f10x_tim.o(.text) for TIM_SetCompare1
    motor.o(.text) refers to delay.o(.text) for delay_ms
    motor.o(.text) refers to encoder.o(.text) for Encoder_Get
    motor.o(.text) refers to motor.o(.data) for adc_value
    pid.o(.text) refers to fadd.o(.text) for __aeabi_fsub
    pid.o(.text) refers to fmul.o(.text) for __aeabi_fmul
    pid.o(.text) refers to pid.o(.data) for kp
    encoder.o(.text) refers to stm32f10x_rcc.o(.text) for RCC_APB1PeriphClockCmd
    encoder.o(.text) refers to stm32f10x_gpio.o(.text) for GPIO_Init
    encoder.o(.text) refers to stm32f10x_tim.o(.text) for TIM_TimeBaseInit
    encoder.o(.text) refers to oled.o(.text) for OLED_ShowSignedNum
    oled.o(.text) refers to stm32f10x_rcc.o(.text) for RCC_APB2PeriphClockCmd
    oled.o(.text) refers to stm32f10x_gpio.o(.text) for GPIO_Init
    oled.o(.text) refers to oled.o(.constdata) for OLED_F8x16
    map.o(.text) refers to delay.o(.text) for delay_init
    map.o(.text) refers to tracker.o(.text) for Lane_Counter_Fwd_Init
    map.o(.text) refers to oled.o(.text) for OLED_Init
    map.o(.text) refers to encoder.o(.text) for Encoder_Init
    map.o(.text) refers to motor.o(.text) for Motor_Init
    map.o(.text) refers to timer.o(.text) for TIM3_PWM_Init
    delay.o(.text) refers to misc.o(.text) for SysTick_CLKSourceConfig
    delay.o(.text) refers to system_stm32f10x.o(.data) for SystemCoreClock
    delay.o(.text) refers to delay.o(.data) for fac_us
    usart.o(.text) refers to stm32f10x_rcc.o(.text) for RCC_APB2PeriphClockCmd
    usart.o(.text) refers to stm32f10x_gpio.o(.text) for GPIO_Init
    usart.o(.text) refers to misc.o(.text) for NVIC_Init
    usart.o(.text) refers to stm32f10x_usart.o(.text) for USART_Init
    usart.o(.text) refers to usart.o(.data) for USART_RX_STA
    usart.o(.text) refers to usart.o(.bss) for USART_RX_BUF
    startup_stm32f10x_hd.o(RESET) refers to startup_stm32f10x_hd.o(STACK) for __initial_sp
    startup_stm32f10x_hd.o(RESET) refers to startup_stm32f10x_hd.o(.text) for Reset_Handler
    startup_stm32f10x_hd.o(RESET) refers to stm32f10x_it.o(.text) for NMI_Handler
    startup_stm32f10x_hd.o(RESET) refers to timer.o(.text) for TIM3_IRQHandler
    startup_stm32f10x_hd.o(RESET) refers to usart.o(.text) for USART1_IRQHandler
    startup_stm32f10x_hd.o(.text) refers to system_stm32f10x.o(.text) for SystemInit
    startup_stm32f10x_hd.o(.text) refers to entry.o(.ARM.Collect$$$$00000000) for __main
    stm32f10x_gpio.o(.text) refers to stm32f10x_rcc.o(.text) for RCC_APB2PeriphResetCmd
    stm32f10x_rcc.o(.text) refers to stm32f10x_rcc.o(.data) for APBAHBPrescTable
    stm32f10x_tim.o(.text) refers to stm32f10x_rcc.o(.text) for RCC_APB2PeriphResetCmd
    stm32f10x_usart.o(.text) refers to stm32f10x_rcc.o(.text) for RCC_APB2PeriphResetCmd
    entry.o(.ARM.Collect$$$$00000000) refers (Special) to entry10a.o(.ARM.Collect$$$$0000000D) for __rt_final_cpp
    entry.o(.ARM.Collect$$$$00000000) refers (Special) to entry11a.o(.ARM.Collect$$$$0000000F) for __rt_final_exit
    entry.o(.ARM.Collect$$$$00000000) refers (Special) to entry7b.o(.ARM.Collect$$$$00000008) for _main_clock
    entry.o(.ARM.Collect$$$$00000000) refers (Special) to entry8b.o(.ARM.Collect$$$$0000000A) for _main_cpp_init
    entry.o(.ARM.Collect$$$$00000000) refers (Special) to entry9a.o(.ARM.Collect$$$$0000000B) for _main_init
    entry.o(.ARM.Collect$$$$00000000) refers (Special) to entry5.o(.ARM.Collect$$$$00000004) for _main_scatterload
    entry.o(.ARM.Collect$$$$00000000) refers (Special) to entry2.o(.ARM.Collect$$$$00000001) for _main_stk
    fadd.o(.text) refers (Special) to iusefp.o(.text) for __I$use$fp
    fadd.o(.text) refers to fepilogue.o(.text) for _float_epilogue
    fmul.o(.text) refers (Special) to iusefp.o(.text) for __I$use$fp
    fdiv.o(.text) refers (Special) to iusefp.o(.text) for __I$use$fp
    fdiv.o(.text) refers to fepilogue.o(.text) for _float_round
    fflti.o(.text) refers (Special) to iusefp.o(.text) for __I$use$fp
    fflti.o(.text) refers to fepilogue.o(.text) for _float_epilogue
    ffltui.o(.text) refers (Special) to iusefp.o(.text) for __I$use$fp
    ffltui.o(.text) refers to fepilogue.o(.text) for _float_epilogue
    ffixui.o(.text) refers (Special) to iusefp.o(.text) for __I$use$fp
    entry2.o(.ARM.Collect$$$$00000001) refers to entry2.o(.ARM.Collect$$$$00002712) for __lit__00000000
    entry2.o(.ARM.Collect$$$$00002712) refers to startup_stm32f10x_hd.o(STACK) for __initial_sp
    entry2.o(__vectab_stack_and_reset_area) refers to startup_stm32f10x_hd.o(STACK) for __initial_sp
    entry2.o(__vectab_stack_and_reset_area) refers to entry.o(.ARM.Collect$$$$00000000) for __main
    entry5.o(.ARM.Collect$$$$00000004) refers to init.o(.text) for __scatterload
    entry9a.o(.ARM.Collect$$$$0000000B) refers to main.o(.text) for main
    entry9b.o(.ARM.Collect$$$$0000000C) refers to main.o(.text) for main
    init.o(.text) refers to entry5.o(.ARM.Collect$$$$00000004) for __main_after_scatterload


==============================================================================

Removing Unused input sections from the image.

    Removing main.o(.data), (4 bytes).
    Removing led.o(.text), (76 bytes).
    Removing key.o(.text), (216 bytes).
    Removing key.o(.data), (1 bytes).
    Removing pid.o(.text), (188 bytes).
    Removing pid.o(.data), (28 bytes).
    Removing sys.o(.emb_text), (6 bytes).
    Removing sys.o(.text), (12 bytes).
    Removing core_cm3.o(.emb_text), (32 bytes).
    Removing startup_stm32f10x_hd.o(HEAP), (512 bytes).

10 unused section(s) (total 1075 bytes) removed from the image.

==============================================================================

Image Symbol Table

    Local Symbols

    Symbol Name                              Value     Ov Type        Size  Object(Section)

    ../clib/microlib/init/entry.s            0x00000000   Number         0  entry11b.o ABSOLUTE
    ../clib/microlib/init/entry.s            0x00000000   Number         0  entry11a.o ABSOLUTE
    ../clib/microlib/init/entry.s            0x00000000   Number         0  entry10a.o ABSOLUTE
    ../clib/microlib/init/entry.s            0x00000000   Number         0  entry9b.o ABSOLUTE
    ../clib/microlib/init/entry.s            0x00000000   Number         0  entry9a.o ABSOLUTE
    ../clib/microlib/init/entry.s            0x00000000   Number         0  entry8b.o ABSOLUTE
    ../clib/microlib/init/entry.s            0x00000000   Number         0  entry8a.o ABSOLUTE
    ../clib/microlib/init/entry.s            0x00000000   Number         0  entry7b.o ABSOLUTE
    ../clib/microlib/init/entry.s            0x00000000   Number         0  entry7a.o ABSOLUTE
    ../clib/microlib/init/entry.s            0x00000000   Number         0  entry5.o ABSOLUTE
    ../clib/microlib/init/entry.s            0x00000000   Number         0  entry10b.o ABSOLUTE
    ../clib/microlib/init/entry.s            0x00000000   Number         0  entry2.o ABSOLUTE
    ../clib/microlib/init/entry.s            0x00000000   Number         0  entry.o ABSOLUTE
    ../clib/microlib/stubs.s                 0x00000000   Number         0  useno.o ABSOLUTE
    ../clib/microlib/stubs.s                 0x00000000   Number         0  iusefp.o ABSOLUTE
    ../fplib/microlib/fpadd.c                0x00000000   Number         0  fadd.o ABSOLUTE
    ../fplib/microlib/fpdiv.c                0x00000000   Number         0  fdiv.o ABSOLUTE
    ../fplib/microlib/fpepilogue.c           0x00000000   Number         0  fepilogue.o ABSOLUTE
    ../fplib/microlib/fpfix.c                0x00000000   Number         0  ffixui.o ABSOLUTE
    ../fplib/microlib/fpflt.c                0x00000000   Number         0  ffltui.o ABSOLUTE
    ../fplib/microlib/fpflt.c                0x00000000   Number         0  fflti.o ABSOLUTE
    ../fplib/microlib/fpmul.c                0x00000000   Number         0  fmul.o ABSOLUTE
    ..\CORE\core_cm3.c                       0x00000000   Number         0  core_cm3.o ABSOLUTE
    ..\CORE\startup_stm32f10x_hd.s           0x00000000   Number         0  startup_stm32f10x_hd.o ABSOLUTE
    ..\HARDWARE\KEY\key.c                    0x00000000   Number         0  key.o ABSOLUTE
    ..\HARDWARE\LED\led.c                    0x00000000   Number         0  led.o ABSOLUTE
    ..\HARDWARE\TIMER\timer.c                0x00000000   Number         0  timer.o ABSOLUTE
    ..\STM32F10x_FWLib\src\misc.c            0x00000000   Number         0  misc.o ABSOLUTE
    ..\STM32F10x_FWLib\src\stm32f10x_gpio.c  0x00000000   Number         0  stm32f10x_gpio.o ABSOLUTE
    ..\STM32F10x_FWLib\src\stm32f10x_rcc.c   0x00000000   Number         0  stm32f10x_rcc.o ABSOLUTE
    ..\STM32F10x_FWLib\src\stm32f10x_tim.c   0x00000000   Number         0  stm32f10x_tim.o ABSOLUTE
    ..\STM32F10x_FWLib\src\stm32f10x_usart.c 0x00000000   Number         0  stm32f10x_usart.o ABSOLUTE
    ..\SYSTEM\delay\delay.c                  0x00000000   Number         0  delay.o ABSOLUTE
    ..\SYSTEM\sys\sys.c                      0x00000000   Number         0  sys.o ABSOLUTE
    ..\SYSTEM\usart\usart.c                  0x00000000   Number         0  usart.o ABSOLUTE
    ..\\CORE\\core_cm3.c                     0x00000000   Number         0  core_cm3.o ABSOLUTE
    ..\\SYSTEM\\sys\\sys.c                   0x00000000   Number         0  sys.o ABSOLUTE
    Encoder.c                                0x00000000   Number         0  encoder.o ABSOLUTE
    OLED.c                                   0x00000000   Number         0  oled.o ABSOLUTE
    dc.s                                     0x00000000   Number         0  dc.o ABSOLUTE
    handlers.s                               0x00000000   Number         0  handlers.o ABSOLUTE
    init.s                                   0x00000000   Number         0  init.o ABSOLUTE
    main.c                                   0x00000000   Number         0  main.o ABSOLUTE
    map.c                                    0x00000000   Number         0  map.o ABSOLUTE
    motor.c                                  0x00000000   Number         0  motor.o ABSOLUTE
    pid.c                                    0x00000000   Number         0  pid.o ABSOLUTE
    stm32f10x_it.c                           0x00000000   Number         0  stm32f10x_it.o ABSOLUTE
    system_stm32f10x.c                       0x00000000   Number         0  system_stm32f10x.o ABSOLUTE
    tracker.c                                0x00000000   Number         0  tracker.o ABSOLUTE
    RESET                                    0x08000000   Section      304  startup_stm32f10x_hd.o(RESET)
    .ARM.Collect$$$$00000000                 0x08000130   Section        0  entry.o(.ARM.Collect$$$$00000000)
    .ARM.Collect$$$$00000001                 0x08000130   Section        4  entry2.o(.ARM.Collect$$$$00000001)
    .ARM.Collect$$$$00000004                 0x08000134   Section        4  entry5.o(.ARM.Collect$$$$00000004)
    .ARM.Collect$$$$00000008                 0x08000138   Section        0  entry7b.o(.ARM.Collect$$$$00000008)
    .ARM.Collect$$$$0000000A                 0x08000138   Section        0  entry8b.o(.ARM.Collect$$$$0000000A)
    .ARM.Collect$$$$0000000B                 0x08000138   Section        8  entry9a.o(.ARM.Collect$$$$0000000B)
    .ARM.Collect$$$$0000000D                 0x08000140   Section        0  entry10a.o(.ARM.Collect$$$$0000000D)
    .ARM.Collect$$$$0000000F                 0x08000140   Section        0  entry11a.o(.ARM.Collect$$$$0000000F)
    .ARM.Collect$$$$00002712                 0x08000140   Section        4  entry2.o(.ARM.Collect$$$$00002712)
    __lit__00000000                          0x08000140   Data           4  entry2.o(.ARM.Collect$$$$00002712)
    .text                                    0x08000144   Section        0  main.o(.text)
    .text                                    0x08000154   Section        0  stm32f10x_it.o(.text)
    .text                                    0x08000188   Section        0  system_stm32f10x.o(.text)
    SetSysClockTo72                          0x08000189   Thumb Code   214  system_stm32f10x.o(.text)
    SetSysClock                              0x0800025f   Thumb Code     8  system_stm32f10x.o(.text)
    .text                                    0x08000368   Section        0  timer.o(.text)
    .text                                    0x080004dc   Section        0  tracker.o(.text)
    .text                                    0x0800099c   Section        0  motor.o(.text)
    .text                                    0x08000c8c   Section        0  encoder.o(.text)
    .text                                    0x08000d54   Section        0  oled.o(.text)
    .text                                    0x0800115c   Section        0  map.o(.text)
    .text                                    0x080011b8   Section        0  delay.o(.text)
    .text                                    0x0800128c   Section        0  usart.o(.text)
    .text                                    0x080013cc   Section       36  startup_stm32f10x_hd.o(.text)
    .text                                    0x080013f0   Section        0  misc.o(.text)
    .text                                    0x080014cc   Section        0  stm32f10x_gpio.o(.text)
    .text                                    0x08001828   Section        0  stm32f10x_rcc.o(.text)
    .text                                    0x08001bcc   Section        0  stm32f10x_tim.o(.text)
    TI4_Config                               0x08002073   Thumb Code   130  stm32f10x_tim.o(.text)
    TI3_Config                               0x08002107   Thumb Code   122  stm32f10x_tim.o(.text)
    TI2_Config                               0x0800219b   Thumb Code   130  stm32f10x_tim.o(.text)
    TI1_Config                               0x0800222f   Thumb Code   108  stm32f10x_tim.o(.text)
    .text                                    0x080029e8   Section        0  stm32f10x_usart.o(.text)
    .text                                    0x08002df0   Section        0  fadd.o(.text)
    .text                                    0x08002ea0   Section        0  fmul.o(.text)
    .text                                    0x08002f04   Section        0  fdiv.o(.text)
    .text                                    0x08002f80   Section        0  fflti.o(.text)
    .text                                    0x08002f92   Section        0  ffltui.o(.text)
    .text                                    0x08002f9c   Section        0  ffixui.o(.text)
    .text                                    0x08002fc4   Section        0  iusefp.o(.text)
    .text                                    0x08002fc4   Section        0  fepilogue.o(.text)
    .text                                    0x08003034   Section       36  init.o(.text)
    i.__scatterload_copy                     0x08003058   Section       14  handlers.o(i.__scatterload_copy)
    i.__scatterload_null                     0x08003066   Section        2  handlers.o(i.__scatterload_null)
    i.__scatterload_zeroinit                 0x08003068   Section       14  handlers.o(i.__scatterload_zeroinit)
    .constdata                               0x08003076   Section        8  tracker.o(.constdata)
    .constdata                               0x0800307e   Section     1520  oled.o(.constdata)
    .data                                    0x20000000   Section       20  system_stm32f10x.o(.data)
    .data                                    0x20000014   Section       32  tracker.o(.data)
    .data                                    0x20000034   Section       44  motor.o(.data)
    .data                                    0x20000060   Section        4  delay.o(.data)
    fac_us                                   0x20000060   Data           1  delay.o(.data)
    fac_ms                                   0x20000062   Data           2  delay.o(.data)
    .data                                    0x20000064   Section        6  usart.o(.data)
    .data                                    0x2000006a   Section       20  stm32f10x_rcc.o(.data)
    APBAHBPrescTable                         0x2000006a   Data          16  stm32f10x_rcc.o(.data)
    ADCPrescTable                            0x2000007a   Data           4  stm32f10x_rcc.o(.data)
    .bss                                     0x20000080   Section      200  usart.o(.bss)
    STACK                                    0x20000148   Section     1024  startup_stm32f10x_hd.o(STACK)

    Global Symbols

    Symbol Name                              Value     Ov Type        Size  Object(Section)

    BuildAttributes$$THM_ISAv4$P$D$K$B$S$PE$A:L22UL41UL21$X:L11$S22US41US21$IEEE1$IW$USESV6$~STKCKD$USESV7$~SHL$OTIME$ROPI$EBA8$MICROLIB$REQ8$PRES8$EABIv2 0x00000000   Number         0  anon$$obj.o ABSOLUTE
    __ARM_use_no_argv                        0x00000000   Number         0  main.o ABSOLUTE
    __use_no_errno                           0x00000000   Number         0  useno.o ABSOLUTE
    __use_no_exception_handling              0x00000000   Number         0  useno.o ABSOLUTE
    __use_no_fp                              0x00000000   Number         0  useno.o ABSOLUTE
    __use_no_heap                            0x00000000   Number         0  useno.o ABSOLUTE
    __use_no_heap_region                     0x00000000   Number         0  useno.o ABSOLUTE
    __use_no_semihosting                     0x00000000   Number         0  useno.o ABSOLUTE
    __use_no_semihosting_swi                 0x00000000   Number         0  useno.o ABSOLUTE
    __use_no_signal_handling                 0x00000000   Number         0  useno.o ABSOLUTE
    __cpp_initialize__aeabi_                  - Undefined Weak Reference
    __cxa_finalize                            - Undefined Weak Reference
    __decompress                              - Undefined Weak Reference
    _clock_init                               - Undefined Weak Reference
    _microlib_exit                            - Undefined Weak Reference
    __Vectors_Size                           0x00000130   Number         0  startup_stm32f10x_hd.o ABSOLUTE
    __Vectors                                0x08000000   Data           4  startup_stm32f10x_hd.o(RESET)
    __Vectors_End                            0x08000130   Data           0  startup_stm32f10x_hd.o(RESET)
    __main                                   0x08000131   Thumb Code     0  entry.o(.ARM.Collect$$$$00000000)
    _main_stk                                0x08000131   Thumb Code     0  entry2.o(.ARM.Collect$$$$00000001)
    _main_scatterload                        0x08000135   Thumb Code     0  entry5.o(.ARM.Collect$$$$00000004)
    __main_after_scatterload                 0x08000139   Thumb Code     0  entry5.o(.ARM.Collect$$$$00000004)
    _main_clock                              0x08000139   Thumb Code     0  entry7b.o(.ARM.Collect$$$$00000008)
    _main_cpp_init                           0x08000139   Thumb Code     0  entry8b.o(.ARM.Collect$$$$0000000A)
    _main_init                               0x08000139   Thumb Code     0  entry9a.o(.ARM.Collect$$$$0000000B)
    __rt_final_cpp                           0x08000141   Thumb Code     0  entry10a.o(.ARM.Collect$$$$0000000D)
    __rt_final_exit                          0x08000141   Thumb Code     0  entry11a.o(.ARM.Collect$$$$0000000F)
    main                                     0x08000145   Thumb Code    14  main.o(.text)
    NMI_Handler                              0x08000155   Thumb Code     2  stm32f10x_it.o(.text)
    HardFault_Handler                        0x08000157   Thumb Code     4  stm32f10x_it.o(.text)
    MemManage_Handler                        0x0800015b   Thumb Code     4  stm32f10x_it.o(.text)
    BusFault_Handler                         0x0800015f   Thumb Code     4  stm32f10x_it.o(.text)
    UsageFault_Handler                       0x08000163   Thumb Code     4  stm32f10x_it.o(.text)
    SVC_Handler                              0x08000167   Thumb Code     2  stm32f10x_it.o(.text)
    DebugMon_Handler                         0x08000169   Thumb Code     2  stm32f10x_it.o(.text)
    PendSV_Handler                           0x0800016b   Thumb Code     2  stm32f10x_it.o(.text)
    SysTick_Handler                          0x0800016d   Thumb Code     2  stm32f10x_it.o(.text)
    TIM4_IRQHandler                          0x0800016f   Thumb Code    22  stm32f10x_it.o(.text)
    SystemInit                               0x08000267   Thumb Code    78  system_stm32f10x.o(.text)
    SystemCoreClockUpdate                    0x080002b5   Thumb Code   142  system_stm32f10x.o(.text)
    TIM3_Int_Init                            0x08000369   Thumb Code    90  timer.o(.text)
    TIM3_IRQHandler                          0x080003c3   Thumb Code    38  timer.o(.text)
    TIM3_PWM_Init                            0x080003e9   Thumb Code   146  timer.o(.text)
    TIM4_Init                                0x0800047b   Thumb Code    72  timer.o(.text)
    Lane_Counter_Fwd_Init                    0x080004dd   Thumb Code   172  tracker.o(.text)
    Lane_Counter_Back_Init                   0x08000589   Thumb Code   174  tracker.o(.text)
    Cross_Detect_Init                        0x08000637   Thumb Code   100  tracker.o(.text)
    Lane_Counter_Fwd_Read                    0x0800069b   Thumb Code   100  tracker.o(.text)
    Lane_Counter_Back_Read                   0x080006ff   Thumb Code   110  tracker.o(.text)
    Cross_Detect_Read                        0x0800076d   Thumb Code    60  tracker.o(.text)
    Lane_Keep_Fwd                            0x080007a9   Thumb Code   222  tracker.o(.text)
    Go_Stright_Fwd                           0x08000887   Thumb Code   228  tracker.o(.text)
    Lane_Counter_Bwd                         0x0800096b   Thumb Code    36  tracker.o(.text)
    Motor_Init                               0x0800099d   Thumb Code   128  motor.o(.text)
    PID_Speed_Control                        0x08000a1d   Thumb Code   238  motor.o(.text)
    Motor_Start                              0x08000b0b   Thumb Code    40  motor.o(.text)
    Motor_Stop                               0x08000b33   Thumb Code    56  motor.o(.text)
    Motor_PWM                                0x08000b6b   Thumb Code    24  motor.o(.text)
    Motor1_Bwd                               0x08000b83   Thumb Code    24  motor.o(.text)
    Motor1_Fwd                               0x08000b9b   Thumb Code    24  motor.o(.text)
    Motor2_Fwd                               0x08000bb3   Thumb Code    20  motor.o(.text)
    Motor2_Bwd                               0x08000bc7   Thumb Code    20  motor.o(.text)
    Turn_Left                                0x08000bdb   Thumb Code    50  motor.o(.text)
    Turn_Right                               0x08000c0d   Thumb Code    48  motor.o(.text)
    Encoder_Init                             0x08000c8d   Thumb Code   158  encoder.o(.text)
    Encoder_Get                              0x08000d2b   Thumb Code    14  encoder.o(.text)
    Encoder_Show                             0x08000d39   Thumb Code    22  encoder.o(.text)
    OLED_I2C_Init                            0x08000d55   Thumb Code    72  oled.o(.text)
    OLED_I2C_Start                           0x08000d9d   Thumb Code    44  oled.o(.text)
    OLED_I2C_Stop                            0x08000dc9   Thumb Code    34  oled.o(.text)
    OLED_I2C_SendByte                        0x08000deb   Thumb Code    74  oled.o(.text)
    OLED_WriteCommand                        0x08000e35   Thumb Code    32  oled.o(.text)
    OLED_WriteData                           0x08000e55   Thumb Code    32  oled.o(.text)
    OLED_SetCursor                           0x08000e75   Thumb Code    34  oled.o(.text)
    OLED_Clear                               0x08000e97   Thumb Code    42  oled.o(.text)
    OLED_ShowChar                            0x08000ec1   Thumb Code   110  oled.o(.text)
    OLED_ShowString                          0x08000f2f   Thumb Code    40  oled.o(.text)
    OLED_Pow                                 0x08000f57   Thumb Code    20  oled.o(.text)
    OLED_ShowNum                             0x08000f6b   Thumb Code    68  oled.o(.text)
    OLED_ShowSignedNum                       0x08000faf   Thumb Code   102  oled.o(.text)
    OLED_ShowHexNum                          0x08001015   Thumb Code    84  oled.o(.text)
    OLED_ShowBinNum                          0x08001069   Thumb Code    62  oled.o(.text)
    OLED_Init                                0x080010a7   Thumb Code   182  oled.o(.text)
    Init_All                                 0x0800115d   Thumb Code    40  map.o(.text)
    Map1                                     0x08001185   Thumb Code    52  map.o(.text)
    delay_init                               0x080011b9   Thumb Code    50  delay.o(.text)
    delay_us                                 0x080011eb   Thumb Code    72  delay.o(.text)
    delay_ms                                 0x08001233   Thumb Code    72  delay.o(.text)
    _sys_exit                                0x0800128d   Thumb Code     4  usart.o(.text)
    fputc                                    0x08001291   Thumb Code    24  usart.o(.text)
    uart_init                                0x080012a9   Thumb Code   152  usart.o(.text)
    USART1_IRQHandler                        0x08001341   Thumb Code   122  usart.o(.text)
    Reset_Handler                            0x080013cd   Thumb Code     8  startup_stm32f10x_hd.o(.text)
    ADC1_2_IRQHandler                        0x080013e7   Thumb Code     0  startup_stm32f10x_hd.o(.text)
    ADC3_IRQHandler                          0x080013e7   Thumb Code     0  startup_stm32f10x_hd.o(.text)
    CAN1_RX1_IRQHandler                      0x080013e7   Thumb Code     0  startup_stm32f10x_hd.o(.text)
    CAN1_SCE_IRQHandler                      0x080013e7   Thumb Code     0  startup_stm32f10x_hd.o(.text)
    DMA1_Channel1_IRQHandler                 0x080013e7   Thumb Code     0  startup_stm32f10x_hd.o(.text)
    DMA1_Channel2_IRQHandler                 0x080013e7   Thumb Code     0  startup_stm32f10x_hd.o(.text)
    DMA1_Channel3_IRQHandler                 0x080013e7   Thumb Code     0  startup_stm32f10x_hd.o(.text)
    DMA1_Channel4_IRQHandler                 0x080013e7   Thumb Code     0  startup_stm32f10x_hd.o(.text)
    DMA1_Channel5_IRQHandler                 0x080013e7   Thumb Code     0  startup_stm32f10x_hd.o(.text)
    DMA1_Channel6_IRQHandler                 0x080013e7   Thumb Code     0  startup_stm32f10x_hd.o(.text)
    DMA1_Channel7_IRQHandler                 0x080013e7   Thumb Code     0  startup_stm32f10x_hd.o(.text)
    DMA2_Channel1_IRQHandler                 0x080013e7   Thumb Code     0  startup_stm32f10x_hd.o(.text)
    DMA2_Channel2_IRQHandler                 0x080013e7   Thumb Code     0  startup_stm32f10x_hd.o(.text)
    DMA2_Channel3_IRQHandler                 0x080013e7   Thumb Code     0  startup_stm32f10x_hd.o(.text)
    DMA2_Channel4_5_IRQHandler               0x080013e7   Thumb Code     0  startup_stm32f10x_hd.o(.text)
    EXTI0_IRQHandler                         0x080013e7   Thumb Code     0  startup_stm32f10x_hd.o(.text)
    EXTI15_10_IRQHandler                     0x080013e7   Thumb Code     0  startup_stm32f10x_hd.o(.text)
    EXTI1_IRQHandler                         0x080013e7   Thumb Code     0  startup_stm32f10x_hd.o(.text)
    EXTI2_IRQHandler                         0x080013e7   Thumb Code     0  startup_stm32f10x_hd.o(.text)
    EXTI3_IRQHandler                         0x080013e7   Thumb Code     0  startup_stm32f10x_hd.o(.text)
    EXTI4_IRQHandler                         0x080013e7   Thumb Code     0  startup_stm32f10x_hd.o(.text)
    EXTI9_5_IRQHandler                       0x080013e7   Thumb Code     0  startup_stm32f10x_hd.o(.text)
    FLASH_IRQHandler                         0x080013e7   Thumb Code     0  startup_stm32f10x_hd.o(.text)
    FSMC_IRQHandler                          0x080013e7   Thumb Code     0  startup_stm32f10x_hd.o(.text)
    I2C1_ER_IRQHandler                       0x080013e7   Thumb Code     0  startup_stm32f10x_hd.o(.text)
    I2C1_EV_IRQHandler                       0x080013e7   Thumb Code     0  startup_stm32f10x_hd.o(.text)
    I2C2_ER_IRQHandler                       0x080013e7   Thumb Code     0  startup_stm32f10x_hd.o(.text)
    I2C2_EV_IRQHandler                       0x080013e7   Thumb Code     0  startup_stm32f10x_hd.o(.text)
    PVD_IRQHandler                           0x080013e7   Thumb Code     0  startup_stm32f10x_hd.o(.text)
    RCC_IRQHandler                           0x080013e7   Thumb Code     0  startup_stm32f10x_hd.o(.text)
    RTCAlarm_IRQHandler                      0x080013e7   Thumb Code     0  startup_stm32f10x_hd.o(.text)
    RTC_IRQHandler                           0x080013e7   Thumb Code     0  startup_stm32f10x_hd.o(.text)
    SDIO_IRQHandler                          0x080013e7   Thumb Code     0  startup_stm32f10x_hd.o(.text)
    SPI1_IRQHandler                          0x080013e7   Thumb Code     0  startup_stm32f10x_hd.o(.text)
    SPI2_IRQHandler                          0x080013e7   Thumb Code     0  startup_stm32f10x_hd.o(.text)
    SPI3_IRQHandler                          0x080013e7   Thumb Code     0  startup_stm32f10x_hd.o(.text)
    TAMPER_IRQHandler                        0x080013e7   Thumb Code     0  startup_stm32f10x_hd.o(.text)
    TIM1_BRK_IRQHandler                      0x080013e7   Thumb Code     0  startup_stm32f10x_hd.o(.text)
    TIM1_CC_IRQHandler                       0x080013e7   Thumb Code     0  startup_stm32f10x_hd.o(.text)
    TIM1_TRG_COM_IRQHandler                  0x080013e7   Thumb Code     0  startup_stm32f10x_hd.o(.text)
    TIM1_UP_IRQHandler                       0x080013e7   Thumb Code     0  startup_stm32f10x_hd.o(.text)
    TIM2_IRQHandler                          0x080013e7   Thumb Code     0  startup_stm32f10x_hd.o(.text)
    TIM5_IRQHandler                          0x080013e7   Thumb Code     0  startup_stm32f10x_hd.o(.text)
    TIM6_IRQHandler                          0x080013e7   Thumb Code     0  startup_stm32f10x_hd.o(.text)
    TIM7_IRQHandler                          0x080013e7   Thumb Code     0  startup_stm32f10x_hd.o(.text)
    TIM8_BRK_IRQHandler                      0x080013e7   Thumb Code     0  startup_stm32f10x_hd.o(.text)
    TIM8_CC_IRQHandler                       0x080013e7   Thumb Code     0  startup_stm32f10x_hd.o(.text)
    TIM8_TRG_COM_IRQHandler                  0x080013e7   Thumb Code     0  startup_stm32f10x_hd.o(.text)
    TIM8_UP_IRQHandler                       0x080013e7   Thumb Code     0  startup_stm32f10x_hd.o(.text)
    UART4_IRQHandler                         0x080013e7   Thumb Code     0  startup_stm32f10x_hd.o(.text)
    UART5_IRQHandler                         0x080013e7   Thumb Code     0  startup_stm32f10x_hd.o(.text)
    USART2_IRQHandler                        0x080013e7   Thumb Code     0  startup_stm32f10x_hd.o(.text)
    USART3_IRQHandler                        0x080013e7   Thumb Code     0  startup_stm32f10x_hd.o(.text)
    USBWakeUp_IRQHandler                     0x080013e7   Thumb Code     0  startup_stm32f10x_hd.o(.text)
    USB_HP_CAN1_TX_IRQHandler                0x080013e7   Thumb Code     0  startup_stm32f10x_hd.o(.text)
    USB_LP_CAN1_RX0_IRQHandler               0x080013e7   Thumb Code     0  startup_stm32f10x_hd.o(.text)
    WWDG_IRQHandler                          0x080013e7   Thumb Code     0  startup_stm32f10x_hd.o(.text)
    NVIC_PriorityGroupConfig                 0x080013f1   Thumb Code    10  misc.o(.text)
    NVIC_Init                                0x080013fb   Thumb Code   100  misc.o(.text)
    NVIC_SetVectorTable                      0x0800145f   Thumb Code    14  misc.o(.text)
    NVIC_SystemLPConfig                      0x0800146d   Thumb Code    34  misc.o(.text)
    SysTick_CLKSourceConfig                  0x0800148f   Thumb Code    40  misc.o(.text)
    GPIO_DeInit                              0x080014cd   Thumb Code   172  stm32f10x_gpio.o(.text)
    GPIO_AFIODeInit                          0x08001579   Thumb Code    20  stm32f10x_gpio.o(.text)
    GPIO_Init                                0x0800158d   Thumb Code   278  stm32f10x_gpio.o(.text)
    GPIO_StructInit                          0x080016a3   Thumb Code    16  stm32f10x_gpio.o(.text)
    GPIO_ReadInputDataBit                    0x080016b3   Thumb Code    18  stm32f10x_gpio.o(.text)
    GPIO_ReadInputData                       0x080016c5   Thumb Code     8  stm32f10x_gpio.o(.text)
    GPIO_ReadOutputDataBit                   0x080016cd   Thumb Code    18  stm32f10x_gpio.o(.text)
    GPIO_ReadOutputData                      0x080016df   Thumb Code     8  stm32f10x_gpio.o(.text)
    GPIO_SetBits                             0x080016e7   Thumb Code     4  stm32f10x_gpio.o(.text)
    GPIO_ResetBits                           0x080016eb   Thumb Code     4  stm32f10x_gpio.o(.text)
    GPIO_WriteBit                            0x080016ef   Thumb Code    10  stm32f10x_gpio.o(.text)
    GPIO_Write                               0x080016f9   Thumb Code     4  stm32f10x_gpio.o(.text)
    GPIO_PinLockConfig                       0x080016fd   Thumb Code    18  stm32f10x_gpio.o(.text)
    GPIO_EventOutputConfig                   0x0800170f   Thumb Code    26  stm32f10x_gpio.o(.text)
    GPIO_EventOutputCmd                      0x08001729   Thumb Code     6  stm32f10x_gpio.o(.text)
    GPIO_PinRemapConfig                      0x0800172f   Thumb Code   138  stm32f10x_gpio.o(.text)
    GPIO_EXTILineConfig                      0x080017b9   Thumb Code    66  stm32f10x_gpio.o(.text)
    GPIO_ETH_MediaInterfaceConfig            0x080017fb   Thumb Code     8  stm32f10x_gpio.o(.text)
    RCC_DeInit                               0x08001829   Thumb Code    64  stm32f10x_rcc.o(.text)
    RCC_HSEConfig                            0x08001869   Thumb Code    70  stm32f10x_rcc.o(.text)
    RCC_GetFlagStatus                        0x080018af   Thumb Code    56  stm32f10x_rcc.o(.text)
    RCC_WaitForHSEStartUp                    0x080018e7   Thumb Code    56  stm32f10x_rcc.o(.text)
    RCC_AdjustHSICalibrationValue            0x0800191f   Thumb Code    20  stm32f10x_rcc.o(.text)
    RCC_HSICmd                               0x08001933   Thumb Code     6  stm32f10x_rcc.o(.text)
    RCC_PLLConfig                            0x08001939   Thumb Code    24  stm32f10x_rcc.o(.text)
    RCC_PLLCmd                               0x08001951   Thumb Code     6  stm32f10x_rcc.o(.text)
    RCC_SYSCLKConfig                         0x08001957   Thumb Code    18  stm32f10x_rcc.o(.text)
    RCC_GetSYSCLKSource                      0x08001969   Thumb Code    10  stm32f10x_rcc.o(.text)
    RCC_HCLKConfig                           0x08001973   Thumb Code    18  stm32f10x_rcc.o(.text)
    RCC_PCLK1Config                          0x08001985   Thumb Code    18  stm32f10x_rcc.o(.text)
    RCC_PCLK2Config                          0x08001997   Thumb Code    20  stm32f10x_rcc.o(.text)
    RCC_ITConfig                             0x080019ab   Thumb Code    26  stm32f10x_rcc.o(.text)
    RCC_USBCLKConfig                         0x080019c5   Thumb Code     8  stm32f10x_rcc.o(.text)
    RCC_ADCCLKConfig                         0x080019cd   Thumb Code    18  stm32f10x_rcc.o(.text)
    RCC_LSEConfig                            0x080019df   Thumb Code    50  stm32f10x_rcc.o(.text)
    RCC_LSICmd                               0x08001a11   Thumb Code     6  stm32f10x_rcc.o(.text)
    RCC_RTCCLKConfig                         0x08001a17   Thumb Code    12  stm32f10x_rcc.o(.text)
    RCC_RTCCLKCmd                            0x08001a23   Thumb Code     8  stm32f10x_rcc.o(.text)
    RCC_GetClocksFreq                        0x08001a2b   Thumb Code   192  stm32f10x_rcc.o(.text)
    RCC_AHBPeriphClockCmd                    0x08001aeb   Thumb Code    26  stm32f10x_rcc.o(.text)
    RCC_APB2PeriphClockCmd                   0x08001b05   Thumb Code    26  stm32f10x_rcc.o(.text)
    RCC_APB1PeriphClockCmd                   0x08001b1f   Thumb Code    26  stm32f10x_rcc.o(.text)
    RCC_APB2PeriphResetCmd                   0x08001b39   Thumb Code    26  stm32f10x_rcc.o(.text)
    RCC_APB1PeriphResetCmd                   0x08001b53   Thumb Code    26  stm32f10x_rcc.o(.text)
    RCC_BackupResetCmd                       0x08001b6d   Thumb Code     8  stm32f10x_rcc.o(.text)
    RCC_ClockSecuritySystemCmd               0x08001b75   Thumb Code     6  stm32f10x_rcc.o(.text)
    RCC_MCOConfig                            0x08001b7b   Thumb Code     6  stm32f10x_rcc.o(.text)
    RCC_ClearFlag                            0x08001b81   Thumb Code    14  stm32f10x_rcc.o(.text)
    RCC_GetITStatus                          0x08001b8f   Thumb Code    20  stm32f10x_rcc.o(.text)
    RCC_ClearITPendingBit                    0x08001ba3   Thumb Code     6  stm32f10x_rcc.o(.text)
    TIM_DeInit                               0x08001bcd   Thumb Code   424  stm32f10x_tim.o(.text)
    TIM_TimeBaseInit                         0x08001d75   Thumb Code   122  stm32f10x_tim.o(.text)
    TIM_OC1Init                              0x08001def   Thumb Code   132  stm32f10x_tim.o(.text)
    TIM_OC2Init                              0x08001e73   Thumb Code   154  stm32f10x_tim.o(.text)
    TIM_OC3Init                              0x08001f0d   Thumb Code   150  stm32f10x_tim.o(.text)
    TIM_OC4Init                              0x08001fa3   Thumb Code   182  stm32f10x_tim.o(.text)
    TIM_SetIC4Prescaler                      0x08002059   Thumb Code    26  stm32f10x_tim.o(.text)
    TIM_SetIC3Prescaler                      0x080020f5   Thumb Code    18  stm32f10x_tim.o(.text)
    TIM_SetIC2Prescaler                      0x08002181   Thumb Code    26  stm32f10x_tim.o(.text)
    TIM_SetIC1Prescaler                      0x0800221d   Thumb Code    18  stm32f10x_tim.o(.text)
    TIM_ICInit                               0x0800229b   Thumb Code   150  stm32f10x_tim.o(.text)
    TIM_PWMIConfig                           0x08002331   Thumb Code   124  stm32f10x_tim.o(.text)
    TIM_BDTRConfig                           0x080023ad   Thumb Code    32  stm32f10x_tim.o(.text)
    TIM_TimeBaseStructInit                   0x080023cd   Thumb Code    18  stm32f10x_tim.o(.text)
    TIM_OCStructInit                         0x080023df   Thumb Code    20  stm32f10x_tim.o(.text)
    TIM_ICStructInit                         0x080023f3   Thumb Code    18  stm32f10x_tim.o(.text)
    TIM_BDTRStructInit                       0x08002405   Thumb Code    40  stm32f10x_tim.o(.text)
    TIM_Cmd                                  0x0800242d   Thumb Code    24  stm32f10x_tim.o(.text)
    TIM_CtrlPWMOutputs                       0x08002445   Thumb Code    30  stm32f10x_tim.o(.text)
    TIM_ITConfig                             0x08002463   Thumb Code    18  stm32f10x_tim.o(.text)
    TIM_GenerateEvent                        0x08002475   Thumb Code     4  stm32f10x_tim.o(.text)
    TIM_DMAConfig                            0x08002479   Thumb Code    10  stm32f10x_tim.o(.text)
    TIM_DMACmd                               0x08002483   Thumb Code    18  stm32f10x_tim.o(.text)
    TIM_InternalClockConfig                  0x08002495   Thumb Code    12  stm32f10x_tim.o(.text)
    TIM_SelectInputTrigger                   0x080024a1   Thumb Code    18  stm32f10x_tim.o(.text)
    TIM_ITRxExternalClockConfig              0x080024b3   Thumb Code    24  stm32f10x_tim.o(.text)
    TIM_TIxExternalClockConfig               0x080024cb   Thumb Code    62  stm32f10x_tim.o(.text)
    TIM_ETRConfig                            0x08002509   Thumb Code    28  stm32f10x_tim.o(.text)
    TIM_ETRClockMode1Config                  0x08002525   Thumb Code    54  stm32f10x_tim.o(.text)
    TIM_ETRClockMode2Config                  0x0800255b   Thumb Code    32  stm32f10x_tim.o(.text)
    TIM_PrescalerConfig                      0x0800257b   Thumb Code     6  stm32f10x_tim.o(.text)
    TIM_CounterModeConfig                    0x08002581   Thumb Code    18  stm32f10x_tim.o(.text)
    TIM_EncoderInterfaceConfig               0x08002593   Thumb Code    66  stm32f10x_tim.o(.text)
    TIM_ForcedOC1Config                      0x080025d5   Thumb Code    18  stm32f10x_tim.o(.text)
    TIM_ForcedOC2Config                      0x080025e7   Thumb Code    26  stm32f10x_tim.o(.text)
    TIM_ForcedOC3Config                      0x08002601   Thumb Code    18  stm32f10x_tim.o(.text)
    TIM_ForcedOC4Config                      0x08002613   Thumb Code    26  stm32f10x_tim.o(.text)
    TIM_ARRPreloadConfig                     0x0800262d   Thumb Code    24  stm32f10x_tim.o(.text)
    TIM_SelectCOM                            0x08002645   Thumb Code    24  stm32f10x_tim.o(.text)
    TIM_SelectCCDMA                          0x0800265d   Thumb Code    24  stm32f10x_tim.o(.text)
    TIM_CCPreloadControl                     0x08002675   Thumb Code    24  stm32f10x_tim.o(.text)
    TIM_OC1PreloadConfig                     0x0800268d   Thumb Code    18  stm32f10x_tim.o(.text)
    TIM_OC2PreloadConfig                     0x0800269f   Thumb Code    26  stm32f10x_tim.o(.text)
    TIM_OC3PreloadConfig                     0x080026b9   Thumb Code    18  stm32f10x_tim.o(.text)
    TIM_OC4PreloadConfig                     0x080026cb   Thumb Code    26  stm32f10x_tim.o(.text)
    TIM_OC1FastConfig                        0x080026e5   Thumb Code    18  stm32f10x_tim.o(.text)
    TIM_OC2FastConfig                        0x080026f7   Thumb Code    26  stm32f10x_tim.o(.text)
    TIM_OC3FastConfig                        0x08002711   Thumb Code    18  stm32f10x_tim.o(.text)
    TIM_OC4FastConfig                        0x08002723   Thumb Code    26  stm32f10x_tim.o(.text)
    TIM_ClearOC1Ref                          0x0800273d   Thumb Code    18  stm32f10x_tim.o(.text)
    TIM_ClearOC2Ref                          0x0800274f   Thumb Code    24  stm32f10x_tim.o(.text)
    TIM_ClearOC3Ref                          0x08002767   Thumb Code    18  stm32f10x_tim.o(.text)
    TIM_ClearOC4Ref                          0x08002779   Thumb Code    24  stm32f10x_tim.o(.text)
    TIM_OC1PolarityConfig                    0x08002791   Thumb Code    18  stm32f10x_tim.o(.text)
    TIM_OC1NPolarityConfig                   0x080027a3   Thumb Code    18  stm32f10x_tim.o(.text)
    TIM_OC2PolarityConfig                    0x080027b5   Thumb Code    26  stm32f10x_tim.o(.text)
    TIM_OC2NPolarityConfig                   0x080027cf   Thumb Code    26  stm32f10x_tim.o(.text)
    TIM_OC3PolarityConfig                    0x080027e9   Thumb Code    26  stm32f10x_tim.o(.text)
    TIM_OC3NPolarityConfig                   0x08002803   Thumb Code    26  stm32f10x_tim.o(.text)
    TIM_OC4PolarityConfig                    0x0800281d   Thumb Code    26  stm32f10x_tim.o(.text)
    TIM_CCxCmd                               0x08002837   Thumb Code    30  stm32f10x_tim.o(.text)
    TIM_CCxNCmd                              0x08002855   Thumb Code    30  stm32f10x_tim.o(.text)
    TIM_SelectOCxM                           0x08002873   Thumb Code    82  stm32f10x_tim.o(.text)
    TIM_UpdateDisableConfig                  0x080028c5   Thumb Code    24  stm32f10x_tim.o(.text)
    TIM_UpdateRequestConfig                  0x080028dd   Thumb Code    24  stm32f10x_tim.o(.text)
    TIM_SelectHallSensor                     0x080028f5   Thumb Code    24  stm32f10x_tim.o(.text)
    TIM_SelectOnePulseMode                   0x0800290d   Thumb Code    18  stm32f10x_tim.o(.text)
    TIM_SelectOutputTrigger                  0x0800291f   Thumb Code    18  stm32f10x_tim.o(.text)
    TIM_SelectSlaveMode                      0x08002931   Thumb Code    18  stm32f10x_tim.o(.text)
    TIM_SelectMasterSlaveMode                0x08002943   Thumb Code    18  stm32f10x_tim.o(.text)
    TIM_SetCounter                           0x08002955   Thumb Code     4  stm32f10x_tim.o(.text)
    TIM_SetAutoreload                        0x08002959   Thumb Code     4  stm32f10x_tim.o(.text)
    TIM_SetCompare1                          0x0800295d   Thumb Code     4  stm32f10x_tim.o(.text)
    TIM_SetCompare2                          0x08002961   Thumb Code     4  stm32f10x_tim.o(.text)
    TIM_SetCompare3                          0x08002965   Thumb Code     4  stm32f10x_tim.o(.text)
    TIM_SetCompare4                          0x08002969   Thumb Code     6  stm32f10x_tim.o(.text)
    TIM_SetClockDivision                     0x0800296f   Thumb Code    18  stm32f10x_tim.o(.text)
    TIM_GetCapture1                          0x08002981   Thumb Code     6  stm32f10x_tim.o(.text)
    TIM_GetCapture2                          0x08002987   Thumb Code     6  stm32f10x_tim.o(.text)
    TIM_GetCapture3                          0x0800298d   Thumb Code     6  stm32f10x_tim.o(.text)
    TIM_GetCapture4                          0x08002993   Thumb Code     8  stm32f10x_tim.o(.text)
    TIM_GetCounter                           0x0800299b   Thumb Code     6  stm32f10x_tim.o(.text)
    TIM_GetPrescaler                         0x080029a1   Thumb Code     6  stm32f10x_tim.o(.text)
    TIM_GetFlagStatus                        0x080029a7   Thumb Code    18  stm32f10x_tim.o(.text)
    TIM_ClearFlag                            0x080029b9   Thumb Code     6  stm32f10x_tim.o(.text)
    TIM_GetITStatus                          0x080029bf   Thumb Code    34  stm32f10x_tim.o(.text)
    TIM_ClearITPendingBit                    0x080029e1   Thumb Code     6  stm32f10x_tim.o(.text)
    USART_DeInit                             0x080029e9   Thumb Code   134  stm32f10x_usart.o(.text)
    USART_Init                               0x08002a6f   Thumb Code   210  stm32f10x_usart.o(.text)
    USART_StructInit                         0x08002b41   Thumb Code    24  stm32f10x_usart.o(.text)
    USART_ClockInit                          0x08002b59   Thumb Code    34  stm32f10x_usart.o(.text)
    USART_ClockStructInit                    0x08002b7b   Thumb Code    12  stm32f10x_usart.o(.text)
    USART_Cmd                                0x08002b87   Thumb Code    24  stm32f10x_usart.o(.text)
    USART_ITConfig                           0x08002b9f   Thumb Code    74  stm32f10x_usart.o(.text)
    USART_DMACmd                             0x08002be9   Thumb Code    18  stm32f10x_usart.o(.text)
    USART_SetAddress                         0x08002bfb   Thumb Code    18  stm32f10x_usart.o(.text)
    USART_WakeUpConfig                       0x08002c0d   Thumb Code    18  stm32f10x_usart.o(.text)
    USART_ReceiverWakeUpCmd                  0x08002c1f   Thumb Code    24  stm32f10x_usart.o(.text)
    USART_LINBreakDetectLengthConfig         0x08002c37   Thumb Code    18  stm32f10x_usart.o(.text)
    USART_LINCmd                             0x08002c49   Thumb Code    24  stm32f10x_usart.o(.text)
    USART_SendData                           0x08002c61   Thumb Code     8  stm32f10x_usart.o(.text)
    USART_ReceiveData                        0x08002c69   Thumb Code    10  stm32f10x_usart.o(.text)
    USART_SendBreak                          0x08002c73   Thumb Code    10  stm32f10x_usart.o(.text)
    USART_SetGuardTime                       0x08002c7d   Thumb Code    16  stm32f10x_usart.o(.text)
    USART_SetPrescaler                       0x08002c8d   Thumb Code    16  stm32f10x_usart.o(.text)
    USART_SmartCardCmd                       0x08002c9d   Thumb Code    24  stm32f10x_usart.o(.text)
    USART_SmartCardNACKCmd                   0x08002cb5   Thumb Code    24  stm32f10x_usart.o(.text)
    USART_HalfDuplexCmd                      0x08002ccd   Thumb Code    24  stm32f10x_usart.o(.text)
    USART_OverSampling8Cmd                   0x08002ce5   Thumb Code    22  stm32f10x_usart.o(.text)
    USART_OneBitMethodCmd                    0x08002cfb   Thumb Code    24  stm32f10x_usart.o(.text)
    USART_IrDAConfig                         0x08002d13   Thumb Code    18  stm32f10x_usart.o(.text)
    USART_IrDACmd                            0x08002d25   Thumb Code    24  stm32f10x_usart.o(.text)
    USART_GetFlagStatus                      0x08002d3d   Thumb Code    26  stm32f10x_usart.o(.text)
    USART_ClearFlag                          0x08002d57   Thumb Code    18  stm32f10x_usart.o(.text)
    USART_GetITStatus                        0x08002d69   Thumb Code    84  stm32f10x_usart.o(.text)
    USART_ClearITPendingBit                  0x08002dbd   Thumb Code    52  stm32f10x_usart.o(.text)
    __aeabi_fadd                             0x08002df1   Thumb Code   164  fadd.o(.text)
    __aeabi_fsub                             0x08002e95   Thumb Code     6  fadd.o(.text)
    __aeabi_frsub                            0x08002e9b   Thumb Code     6  fadd.o(.text)
    __aeabi_fmul                             0x08002ea1   Thumb Code   100  fmul.o(.text)
    __aeabi_fdiv                             0x08002f05   Thumb Code   124  fdiv.o(.text)
    __aeabi_i2f                              0x08002f81   Thumb Code    18  fflti.o(.text)
    __aeabi_ui2f                             0x08002f93   Thumb Code    10  ffltui.o(.text)
    __aeabi_f2uiz                            0x08002f9d   Thumb Code    40  ffixui.o(.text)
    __I$use$fp                               0x08002fc5   Thumb Code     0  iusefp.o(.text)
    _float_round                             0x08002fc5   Thumb Code    18  fepilogue.o(.text)
    _float_epilogue                          0x08002fd7   Thumb Code    92  fepilogue.o(.text)
    __scatterload                            0x08003035   Thumb Code    28  init.o(.text)
    __scatterload_rt2                        0x08003035   Thumb Code     0  init.o(.text)
    __scatterload_copy                       0x08003059   Thumb Code    14  handlers.o(i.__scatterload_copy)
    __scatterload_null                       0x08003067   Thumb Code     2  handlers.o(i.__scatterload_null)
    __scatterload_zeroinit                   0x08003069   Thumb Code    14  handlers.o(i.__scatterload_zeroinit)
    weight                                   0x08003076   Data           8  tracker.o(.constdata)
    OLED_F8x16                               0x0800307e   Data        1520  oled.o(.constdata)
    Region$$Table$$Base                      0x08003670   Number         0  anon$$obj.o(Region$$Table)
    Region$$Table$$Limit                     0x08003690   Number         0  anon$$obj.o(Region$$Table)
    SystemCoreClock                          0x20000000   Data           4  system_stm32f10x.o(.data)
    AHBPrescTable                            0x20000004   Data          16  system_stm32f10x.o(.data)
    SensorB                                  0x20000014   Data           8  tracker.o(.data)
    SensorA                                  0x2000001c   Data           8  tracker.o(.data)
    SensorC                                  0x20000024   Data           4  tracker.o(.data)
    speed                                    0x20000028   Data           4  tracker.o(.data)
    speed_L                                  0x2000002c   Data           4  tracker.o(.data)
    speed_R                                  0x20000030   Data           4  tracker.o(.data)
    set_speed                                0x20000034   Data           4  motor.o(.data)
    curr_speed                               0x20000038   Data           4  motor.o(.data)
    error                                    0x2000003c   Data           4  motor.o(.data)
    error_sum                                0x20000040   Data           4  motor.o(.data)
    error_diff                               0x20000044   Data           4  motor.o(.data)
    last_error                               0x20000048   Data           4  motor.o(.data)
    pid_output                               0x2000004c   Data           4  motor.o(.data)
    pwm_output                               0x20000050   Data           4  motor.o(.data)
    adc_value                                0x20000054   Data           4  motor.o(.data)
    motor_voltage                            0x20000058   Data           4  motor.o(.data)
    motor_current                            0x2000005c   Data           4  motor.o(.data)
    __stdout                                 0x20000064   Data           4  usart.o(.data)
    USART_RX_STA                             0x20000068   Data           2  usart.o(.data)
    USART_RX_BUF                             0x20000080   Data         200  usart.o(.bss)
    __initial_sp                             0x20000548   Data           0  startup_stm32f10x_hd.o(STACK)



==============================================================================

Memory Map of the image

  Image Entry point : 0x08000131

  Load Region LR_IROM1 (Base: 0x08000000, Size: 0x00003710, Max: 0x00080000, ABSOLUTE)

    Execution Region ER_IROM1 (Exec base: 0x08000000, Load base: 0x08000000, Size: 0x00003690, Max: 0x00080000, ABSOLUTE)

    Exec Addr    Load Addr    Size         Type   Attr      Idx    E Section Name        Object

    0x08000000   0x08000000   0x00000130   Data   RO          415    RESET               startup_stm32f10x_hd.o
    0x08000130   0x08000130   0x00000000   Code   RO          482  * .ARM.Collect$$$$00000000  mc_w.l(entry.o)
    0x08000130   0x08000130   0x00000004   Code   RO          497    .ARM.Collect$$$$00000001  mc_w.l(entry2.o)
    0x08000134   0x08000134   0x00000004   Code   RO          500    .ARM.Collect$$$$00000004  mc_w.l(entry5.o)
    0x08000138   0x08000138   0x00000000   Code   RO          502    .ARM.Collect$$$$00000008  mc_w.l(entry7b.o)
    0x08000138   0x08000138   0x00000000   Code   RO          504    .ARM.Collect$$$$0000000A  mc_w.l(entry8b.o)
    0x08000138   0x08000138   0x00000008   Code   RO          505    .ARM.Collect$$$$0000000B  mc_w.l(entry9a.o)
    0x08000140   0x08000140   0x00000000   Code   RO          507    .ARM.Collect$$$$0000000D  mc_w.l(entry10a.o)
    0x08000140   0x08000140   0x00000000   Code   RO          509    .ARM.Collect$$$$0000000F  mc_w.l(entry11a.o)
    0x08000140   0x08000140   0x00000004   Code   RO          498    .ARM.Collect$$$$00002712  mc_w.l(entry2.o)
    0x08000144   0x08000144   0x0000000e   Code   RO            1    .text               main.o
    0x08000152   0x08000152   0x00000002   PAD
    0x08000154   0x08000154   0x00000034   Code   RO          148    .text               stm32f10x_it.o
    0x08000188   0x08000188   0x000001e0   Code   RO          189    .text               system_stm32f10x.o
    0x08000368   0x08000368   0x00000174   Code   RO          232    .text               timer.o
    0x080004dc   0x080004dc   0x000004c0   Code   RO          250    .text               tracker.o
    0x0800099c   0x0800099c   0x000002f0   Code   RO          272    .text               motor.o
    0x08000c8c   0x08000c8c   0x000000c8   Code   RO          304    .text               encoder.o
    0x08000d54   0x08000d54   0x00000408   Code   RO          316    .text               oled.o
    0x0800115c   0x0800115c   0x0000005c   Code   RO          334    .text               map.o
    0x080011b8   0x080011b8   0x000000d4   Code   RO          349    .text               delay.o
    0x0800128c   0x0800128c   0x00000140   Code   RO          380    .text               usart.o
    0x080013cc   0x080013cc   0x00000024   Code   RO          416    .text               startup_stm32f10x_hd.o
    0x080013f0   0x080013f0   0x000000dc   Code   RO          420    .text               misc.o
    0x080014cc   0x080014cc   0x0000035c   Code   RO          432    .text               stm32f10x_gpio.o
    0x08001828   0x08001828   0x000003a4   Code   RO          444    .text               stm32f10x_rcc.o
    0x08001bcc   0x08001bcc   0x00000e1a   Code   RO          458    .text               stm32f10x_tim.o
    0x080029e6   0x080029e6   0x00000002   PAD
    0x080029e8   0x080029e8   0x00000408   Code   RO          470    .text               stm32f10x_usart.o
    0x08002df0   0x08002df0   0x000000b0   Code   RO          485    .text               mf_w.l(fadd.o)
    0x08002ea0   0x08002ea0   0x00000064   Code   RO          487    .text               mf_w.l(fmul.o)
    0x08002f04   0x08002f04   0x0000007c   Code   RO          489    .text               mf_w.l(fdiv.o)
    0x08002f80   0x08002f80   0x00000012   Code   RO          491    .text               mf_w.l(fflti.o)
    0x08002f92   0x08002f92   0x0000000a   Code   RO          493    .text               mf_w.l(ffltui.o)
    0x08002f9c   0x08002f9c   0x00000028   Code   RO          495    .text               mf_w.l(ffixui.o)
    0x08002fc4   0x08002fc4   0x00000000   Code   RO          511    .text               mc_w.l(iusefp.o)
    0x08002fc4   0x08002fc4   0x0000006e   Code   RO          512    .text               mf_w.l(fepilogue.o)
    0x08003032   0x08003032   0x00000002   PAD
    0x08003034   0x08003034   0x00000024   Code   RO          514    .text               mc_w.l(init.o)
    0x08003058   0x08003058   0x0000000e   Code   RO          518    i.__scatterload_copy  mc_w.l(handlers.o)
    0x08003066   0x08003066   0x00000002   Code   RO          519    i.__scatterload_null  mc_w.l(handlers.o)
    0x08003068   0x08003068   0x0000000e   Code   RO          520    i.__scatterload_zeroinit  mc_w.l(handlers.o)
    0x08003076   0x08003076   0x00000008   Data   RO          251    .constdata          tracker.o
    0x0800307e   0x0800307e   0x000005f0   Data   RO          317    .constdata          oled.o
    0x0800366e   0x0800366e   0x00000002   PAD
    0x08003670   0x08003670   0x00000020   Data   RO          516    Region$$Table       anon$$obj.o


    Execution Region RW_IRAM1 (Exec base: 0x20000000, Load base: 0x08003690, Size: 0x00000548, Max: 0x00010000, ABSOLUTE)

    Exec Addr    Load Addr    Size         Type   Attr      Idx    E Section Name        Object

    0x20000000   0x08003690   0x00000014   Data   RW          190    .data               system_stm32f10x.o
    0x20000014   0x080036a4   0x00000020   Data   RW          252    .data               tracker.o
    0x20000034   0x080036c4   0x0000002c   Data   RW          273    .data               motor.o
    0x20000060   0x080036f0   0x00000004   Data   RW          350    .data               delay.o
    0x20000064   0x080036f4   0x00000006   Data   RW          382    .data               usart.o
    0x2000006a   0x080036fa   0x00000014   Data   RW          445    .data               stm32f10x_rcc.o
    0x2000007e   0x0800370e   0x00000002   PAD
    0x20000080        -       0x000000c8   Zero   RW          381    .bss                usart.o
    0x20000148        -       0x00000400   Zero   RW          413    STACK               startup_stm32f10x_hd.o


==============================================================================

Image component sizes


      Code (inc. data)   RO Data    RW Data    ZI Data      Debug   Object Name

       212         18          0          4          0        995   delay.o
       200          6          0          0          0        872   encoder.o
        14          0          0          0          0     253047   main.o
        92          0          0          0          0        544   map.o
       220         22          0          0          0       1753   misc.o
       752         80          0         44          0       2450   motor.o
      1032          8       1520          0          0       4868   oled.o
        36          8        304          0       1024        772   startup_stm32f10x_hd.o
       860         38          0          0          0       5685   stm32f10x_gpio.o
        52          4          0          0          0     204382   stm32f10x_it.o
       932         36          0         20          0       8840   stm32f10x_rcc.o
      3610         88          0          0          0      22792   stm32f10x_tim.o
      1032         22          0          0          0       8412   stm32f10x_usart.o
         0          0          0          0          0         32   sys.o
       480         38          0         20          0       1671   system_stm32f10x.o
       372         26          0          0          0       1352   timer.o
      1216         66          8         32          0       2937   tracker.o
       320         18          0          6        200       3062   usart.o

    ----------------------------------------------------------------------
     11436        478       1866        128       1224     524466   Object Totals
         0          0         32          0          0          0   (incl. Generated)
         4          0          2          2          0          0   (incl. Padding)

    ----------------------------------------------------------------------

      Code (inc. data)   RO Data    RW Data    ZI Data      Debug   Library Member Name

         0          0          0          0          0          0   entry.o
         0          0          0          0          0          0   entry10a.o
         0          0          0          0          0          0   entry11a.o
         8          4          0          0          0          0   entry2.o
         4          0          0          0          0          0   entry5.o
         0          0          0          0          0          0   entry7b.o
         0          0          0          0          0          0   entry8b.o
         8          4          0          0          0          0   entry9a.o
        30          0          0          0          0          0   handlers.o
        36          8          0          0          0         68   init.o
         0          0          0          0          0          0   iusefp.o
       176          0          0          0          0        140   fadd.o
       124          0          0          0          0         88   fdiv.o
       110          0          0          0          0        168   fepilogue.o
        40          0          0          0          0         68   ffixui.o
        18          0          0          0          0         68   fflti.o
        10          0          0          0          0         68   ffltui.o
       100          0          0          0          0         76   fmul.o

    ----------------------------------------------------------------------
       666         16          0          0          0        744   Library Totals
         2          0          0          0          0          0   (incl. Padding)

    ----------------------------------------------------------------------

      Code (inc. data)   RO Data    RW Data    ZI Data      Debug   Library Name

        86         16          0          0          0         68   mc_w.l
       578          0          0          0          0        676   mf_w.l

    ----------------------------------------------------------------------
       666         16          0          0          0        744   Library Totals

    ----------------------------------------------------------------------

==============================================================================


      Code (inc. data)   RO Data    RW Data    ZI Data      Debug   

     12102        494       1866        128       1224     523802   Grand Totals
     12102        494       1866        128       1224     523802   ELF Image Totals
     12102        494       1866        128          0          0   ROM Totals

==============================================================================

    Total RO  Size (Code + RO Data)                13968 (  13.64kB)
    Total RW  Size (RW Data + ZI Data)              1352 (   1.32kB)
    Total ROM Size (Code + RO Data + RW Data)      14096 (  13.77kB)

==============================================================================

