Component: ARM Compiler 5.06 update 7 (build 960) Tool: armlink [4d3601]

==============================================================================

Section Cross References

    main.o(.text) refers to map.o(.text) for Init_All
    stm32f10x_it.o(.text) refers to stm32f10x_tim.o(.text) for TIM_GetITStatus
    system_stm32f10x.o(.text) refers to system_stm32f10x.o(.data) for SystemCoreClock
    led.o(.text) refers to stm32f10x_rcc.o(.text) for RCC_APB2PeriphClockCmd
    led.o(.text) refers to stm32f10x_gpio.o(.text) for GPIO_Init
    key.o(.text) refers to stm32f10x_rcc.o(.text) for RCC_APB2PeriphClockCmd
    key.o(.text) refers to stm32f10x_gpio.o(.text) for GPIO_Init
    key.o(.text) refers to delay.o(.text) for delay_ms
    key.o(.text) refers to key.o(.data) for key_up
    timer.o(.text) refers to stm32f10x_rcc.o(.text) for RCC_APB1PeriphClockCmd
    timer.o(.text) refers to stm32f10x_tim.o(.text) for TIM_TimeBaseInit
    timer.o(.text) refers to misc.o(.text) for NVIC_Init
    timer.o(.text) refers to stm32f10x_gpio.o(.text) for GPIO_PinRemapConfig
    timer.o(.text) refers to system_stm32f10x.o(.data) for SystemCoreClock
    tracker.o(.text) refers to stm32f10x_rcc.o(.text) for RCC_APB2PeriphClockCmd
    tracker.o(.text) refers to stm32f10x_gpio.o(.text) for GPIO_Init
    tracker.o(.text) refers to fflti.o(.text) for __aeabi_i2f
    tracker.o(.text) refers to fmul.o(.text) for __aeabi_fmul
    tracker.o(.text) refers to ffltui.o(.text) for __aeabi_ui2f
    tracker.o(.text) refers to fadd.o(.text) for __aeabi_fadd
    tracker.o(.text) refers to ffixui.o(.text) for __aeabi_f2uiz
    tracker.o(.text) refers to motor.o(.text) for Motor_PWM
    tracker.o(.text) refers to tracker.o(.data) for SensorA
    tracker.o(.text) refers to tracker.o(.constdata) for weight
    tracker.o(.text) refers to stm32f10x_tim.o(.text) for TIM_SetCounter
    tracker.o(.text) refers to encoder.o(.text) for Encoder_Get
    motor.o(.text) refers to stm32f10x_rcc.o(.text) for RCC_APB2PeriphClockCmd
    motor.o(.text) refers to stm32f10x_gpio.o(.text) for GPIO_Init
    motor.o(.text) refers to fdiv.o(.text) for __aeabi_fdiv
    motor.o(.text) refers to fmul.o(.text) for __aeabi_fmul
    motor.o(.text) refers to fadd.o(.text) for __aeabi_fsub
    motor.o(.text) refers to ffixui.o(.text) for __aeabi_f2uiz
    motor.o(.text) refers to stm32f10x_tim.o(.text) for TIM_SetCompare1
    motor.o(.text) refers to delay.o(.text) for delay_ms
    motor.o(.text) refers to motor.o(.data) for adc_value
    pid.o(.text) refers to fadd.o(.text) for __aeabi_fsub
    pid.o(.text) refers to fmul.o(.text) for __aeabi_fmul
    pid.o(.text) refers to pid.o(.data) for kp
    encoder.o(.text) refers to stm32f10x_rcc.o(.text) for RCC_APB1PeriphClockCmd
    encoder.o(.text) refers to stm32f10x_gpio.o(.text) for GPIO_Init
    encoder.o(.text) refers to stm32f10x_tim.o(.text) for TIM_TimeBaseInit
    encoder.o(.text) refers to oled.o(.text) for OLED_ShowSignedNum
    oled.o(.text) refers to stm32f10x_rcc.o(.text) for RCC_APB2PeriphClockCmd
    oled.o(.text) refers to stm32f10x_gpio.o(.text) for GPIO_Init
    oled.o(.text) refers to oled.o(.constdata) for OLED_F8x16
    map.o(.text) refers to delay.o(.text) for delay_init
    map.o(.text) refers to tracker.o(.text) for Lane_Counter_Fwd_Init
    map.o(.text) refers to oled.o(.text) for OLED_Init
    map.o(.text) refers to encoder.o(.text) for Encoder_Init
    map.o(.text) refers to motor.o(.text) for Motor_Init
    map.o(.text) refers to timer.o(.text) for TIM3_PWM_Init
    map.o(.text) refers to memcpya.o(.text) for __aeabi_memcpy4
    map.o(.text) refers to map.o(.constdata) for .constdata
    delay.o(.text) refers to misc.o(.text) for SysTick_CLKSourceConfig
    delay.o(.text) refers to system_stm32f10x.o(.data) for SystemCoreClock
    delay.o(.text) refers to delay.o(.data) for fac_us
    usart.o(.text) refers to stm32f10x_rcc.o(.text) for RCC_APB2PeriphClockCmd
    usart.o(.text) refers to stm32f10x_gpio.o(.text) for GPIO_Init
    usart.o(.text) refers to misc.o(.text) for NVIC_Init
    usart.o(.text) refers to stm32f10x_usart.o(.text) for USART_Init
    usart.o(.text) refers to usart.o(.data) for USART_RX_STA
    usart.o(.text) refers to usart.o(.bss) for USART_RX_BUF
    startup_stm32f10x_hd.o(RESET) refers to startup_stm32f10x_hd.o(STACK) for __initial_sp
    startup_stm32f10x_hd.o(RESET) refers to startup_stm32f10x_hd.o(.text) for Reset_Handler
    startup_stm32f10x_hd.o(RESET) refers to stm32f10x_it.o(.text) for NMI_Handler
    startup_stm32f10x_hd.o(RESET) refers to timer.o(.text) for TIM3_IRQHandler
    startup_stm32f10x_hd.o(RESET) refers to usart.o(.text) for USART1_IRQHandler
    startup_stm32f10x_hd.o(.text) refers to system_stm32f10x.o(.text) for SystemInit
    startup_stm32f10x_hd.o(.text) refers to entry.o(.ARM.Collect$$$$00000000) for __main
    stm32f10x_gpio.o(.text) refers to stm32f10x_rcc.o(.text) for RCC_APB2PeriphResetCmd
    stm32f10x_rcc.o(.text) refers to stm32f10x_rcc.o(.data) for APBAHBPrescTable
    stm32f10x_tim.o(.text) refers to stm32f10x_rcc.o(.text) for RCC_APB2PeriphResetCmd
    stm32f10x_usart.o(.text) refers to stm32f10x_rcc.o(.text) for RCC_APB2PeriphResetCmd
    entry.o(.ARM.Collect$$$$00000000) refers (Special) to entry10a.o(.ARM.Collect$$$$0000000F) for __rt_final_cpp
    entry.o(.ARM.Collect$$$$00000000) refers (Special) to entry11a.o(.ARM.Collect$$$$00000011) for __rt_final_exit
    entry.o(.ARM.Collect$$$$00000000) refers (Special) to entry12b.o(.ARM.Collect$$$$0000000E) for __rt_lib_shutdown_fini
    entry.o(.ARM.Collect$$$$00000000) refers (Special) to entry7b.o(.ARM.Collect$$$$00000008) for _main_clock
    entry.o(.ARM.Collect$$$$00000000) refers (Special) to entry8b.o(.ARM.Collect$$$$0000000A) for _main_cpp_init
    entry.o(.ARM.Collect$$$$00000000) refers (Special) to entry9a.o(.ARM.Collect$$$$0000000B) for _main_init
    entry.o(.ARM.Collect$$$$00000000) refers (Special) to entry5.o(.ARM.Collect$$$$00000004) for _main_scatterload
    entry.o(.ARM.Collect$$$$00000000) refers (Special) to entry2.o(.ARM.Collect$$$$00000001) for _main_stk
    fadd.o(.text) refers (Special) to iusefp.o(.text) for __I$use$fp
    fadd.o(.text) refers to fepilogue.o(.text) for _float_epilogue
    fmul.o(.text) refers (Special) to iusefp.o(.text) for __I$use$fp
    fdiv.o(.text) refers (Special) to iusefp.o(.text) for __I$use$fp
    fdiv.o(.text) refers to fepilogue.o(.text) for _float_round
    fflti.o(.text) refers (Special) to iusefp.o(.text) for __I$use$fp
    fflti.o(.text) refers to fepilogue.o(.text) for _float_epilogue
    ffltui.o(.text) refers (Special) to iusefp.o(.text) for __I$use$fp
    ffltui.o(.text) refers to fepilogue.o(.text) for _float_epilogue
    ffixui.o(.text) refers (Special) to iusefp.o(.text) for __I$use$fp
    entry2.o(.ARM.Collect$$$$00000001) refers to entry2.o(.ARM.Collect$$$$00002712) for __lit__00000000
    entry2.o(.ARM.Collect$$$$00002712) refers to startup_stm32f10x_hd.o(STACK) for __initial_sp
    entry2.o(__vectab_stack_and_reset_area) refers to startup_stm32f10x_hd.o(STACK) for __initial_sp
    entry2.o(__vectab_stack_and_reset_area) refers to entry.o(.ARM.Collect$$$$00000000) for __main
    entry5.o(.ARM.Collect$$$$00000004) refers to init.o(.text) for __scatterload
    entry9a.o(.ARM.Collect$$$$0000000B) refers to main.o(.text) for main
    entry9b.o(.ARM.Collect$$$$0000000C) refers to main.o(.text) for main
    init.o(.text) refers to entry5.o(.ARM.Collect$$$$00000004) for __main_after_scatterload


==============================================================================

Removing Unused input sections from the image.

    Removing main.o(.data), (4 bytes).
    Removing led.o(.text), (76 bytes).
    Removing key.o(.text), (216 bytes).
    Removing key.o(.data), (1 bytes).
    Removing pid.o(.text), (188 bytes).
    Removing pid.o(.data), (28 bytes).
    Removing sys.o(.emb_text), (6 bytes).
    Removing sys.o(.text), (12 bytes).
    Removing core_cm3.o(.emb_text), (32 bytes).
    Removing startup_stm32f10x_hd.o(HEAP), (512 bytes).

10 unused section(s) (total 1075 bytes) removed from the image.

==============================================================================

Image Symbol Table

    Local Symbols

    Symbol Name                              Value     Ov Type        Size  Object(Section)

    ../clib/microlib/init/entry.s            0x00000000   Number         0  entry11a.o ABSOLUTE
    ../clib/microlib/init/entry.s            0x00000000   Number         0  entry12b.o ABSOLUTE
    ../clib/microlib/init/entry.s            0x00000000   Number         0  entry8b.o ABSOLUTE
    ../clib/microlib/init/entry.s            0x00000000   Number         0  entry12a.o ABSOLUTE
    ../clib/microlib/init/entry.s            0x00000000   Number         0  entry11b.o ABSOLUTE
    ../clib/microlib/init/entry.s            0x00000000   Number         0  entry10b.o ABSOLUTE
    ../clib/microlib/init/entry.s            0x00000000   Number         0  entry7a.o ABSOLUTE
    ../clib/microlib/init/entry.s            0x00000000   Number         0  entry7b.o ABSOLUTE
    ../clib/microlib/init/entry.s            0x00000000   Number         0  entry10a.o ABSOLUTE
    ../clib/microlib/init/entry.s            0x00000000   Number         0  entry9b.o ABSOLUTE
    ../clib/microlib/init/entry.s            0x00000000   Number         0  entry5.o ABSOLUTE
    ../clib/microlib/init/entry.s            0x00000000   Number         0  entry2.o ABSOLUTE
    ../clib/microlib/init/entry.s            0x00000000   Number         0  entry9a.o ABSOLUTE
    ../clib/microlib/init/entry.s            0x00000000   Number         0  entry8a.o ABSOLUTE
    ../clib/microlib/init/entry.s            0x00000000   Number         0  entry.o ABSOLUTE
    ../clib/microlib/string/memcpy.c         0x00000000   Number         0  memcpya.o ABSOLUTE
    ../clib/microlib/string/memcpy.c         0x00000000   Number         0  memcpyb.o ABSOLUTE
    ../clib/microlib/stubs.s                 0x00000000   Number         0  useno.o ABSOLUTE
    ../clib/microlib/stubs.s                 0x00000000   Number         0  iusefp.o ABSOLUTE
    ../fplib/microlib/fpadd.c                0x00000000   Number         0  fadd.o ABSOLUTE
    ../fplib/microlib/fpdiv.c                0x00000000   Number         0  fdiv.o ABSOLUTE
    ../fplib/microlib/fpepilogue.c           0x00000000   Number         0  fepilogue.o ABSOLUTE
    ../fplib/microlib/fpfix.c                0x00000000   Number         0  ffixui.o ABSOLUTE
    ../fplib/microlib/fpflt.c                0x00000000   Number         0  fflti.o ABSOLUTE
    ../fplib/microlib/fpflt.c                0x00000000   Number         0  ffltui.o ABSOLUTE
    ../fplib/microlib/fpmul.c                0x00000000   Number         0  fmul.o ABSOLUTE
    ..\CORE\core_cm3.c                       0x00000000   Number         0  core_cm3.o ABSOLUTE
    ..\CORE\startup_stm32f10x_hd.s           0x00000000   Number         0  startup_stm32f10x_hd.o ABSOLUTE
    ..\HARDWARE\KEY\key.c                    0x00000000   Number         0  key.o ABSOLUTE
    ..\HARDWARE\LED\led.c                    0x00000000   Number         0  led.o ABSOLUTE
    ..\HARDWARE\TIMER\timer.c                0x00000000   Number         0  timer.o ABSOLUTE
    ..\STM32F10x_FWLib\src\misc.c            0x00000000   Number         0  misc.o ABSOLUTE
    ..\STM32F10x_FWLib\src\stm32f10x_gpio.c  0x00000000   Number         0  stm32f10x_gpio.o ABSOLUTE
    ..\STM32F10x_FWLib\src\stm32f10x_rcc.c   0x00000000   Number         0  stm32f10x_rcc.o ABSOLUTE
    ..\STM32F10x_FWLib\src\stm32f10x_tim.c   0x00000000   Number         0  stm32f10x_tim.o ABSOLUTE
    ..\STM32F10x_FWLib\src\stm32f10x_usart.c 0x00000000   Number         0  stm32f10x_usart.o ABSOLUTE
    ..\SYSTEM\delay\delay.c                  0x00000000   Number         0  delay.o ABSOLUTE
    ..\SYSTEM\sys\sys.c                      0x00000000   Number         0  sys.o ABSOLUTE
    ..\SYSTEM\usart\usart.c                  0x00000000   Number         0  usart.o ABSOLUTE
    ..\\CORE\\core_cm3.c                     0x00000000   Number         0  core_cm3.o ABSOLUTE
    ..\\SYSTEM\\sys\\sys.c                   0x00000000   Number         0  sys.o ABSOLUTE
    Encoder.c                                0x00000000   Number         0  encoder.o ABSOLUTE
    OLED.c                                   0x00000000   Number         0  oled.o ABSOLUTE
    dc.s                                     0x00000000   Number         0  dc.o ABSOLUTE
    handlers.s                               0x00000000   Number         0  handlers.o ABSOLUTE
    init.s                                   0x00000000   Number         0  init.o ABSOLUTE
    main.c                                   0x00000000   Number         0  main.o ABSOLUTE
    map.c                                    0x00000000   Number         0  map.o ABSOLUTE
    motor.c                                  0x00000000   Number         0  motor.o ABSOLUTE
    pid.c                                    0x00000000   Number         0  pid.o ABSOLUTE
    stm32f10x_it.c                           0x00000000   Number         0  stm32f10x_it.o ABSOLUTE
    system_stm32f10x.c                       0x00000000   Number         0  system_stm32f10x.o ABSOLUTE
    tracker.c                                0x00000000   Number         0  tracker.o ABSOLUTE
    RESET                                    0x08000000   Section      304  startup_stm32f10x_hd.o(RESET)
    .ARM.Collect$$$$00000000                 0x08000130   Section        0  entry.o(.ARM.Collect$$$$00000000)
    .ARM.Collect$$$$00000001                 0x08000130   Section        4  entry2.o(.ARM.Collect$$$$00000001)
    .ARM.Collect$$$$00000004                 0x08000134   Section        4  entry5.o(.ARM.Collect$$$$00000004)
    .ARM.Collect$$$$00000008                 0x08000138   Section        0  entry7b.o(.ARM.Collect$$$$00000008)
    .ARM.Collect$$$$0000000A                 0x08000138   Section        0  entry8b.o(.ARM.Collect$$$$0000000A)
    .ARM.Collect$$$$0000000B                 0x08000138   Section        8  entry9a.o(.ARM.Collect$$$$0000000B)
    .ARM.Collect$$$$0000000E                 0x08000140   Section        4  entry12b.o(.ARM.Collect$$$$0000000E)
    .ARM.Collect$$$$0000000F                 0x08000144   Section        0  entry10a.o(.ARM.Collect$$$$0000000F)
    .ARM.Collect$$$$00000011                 0x08000144   Section        0  entry11a.o(.ARM.Collect$$$$00000011)
    .ARM.Collect$$$$00002712                 0x08000144   Section        4  entry2.o(.ARM.Collect$$$$00002712)
    __lit__00000000                          0x08000144   Data           4  entry2.o(.ARM.Collect$$$$00002712)
    .text                                    0x08000148   Section        0  main.o(.text)
    .text                                    0x08000158   Section        0  stm32f10x_it.o(.text)
    .text                                    0x0800018c   Section        0  system_stm32f10x.o(.text)
    SetSysClockTo72                          0x0800018d   Thumb Code   214  system_stm32f10x.o(.text)
    SetSysClock                              0x08000263   Thumb Code     8  system_stm32f10x.o(.text)
    .text                                    0x0800036c   Section        0  timer.o(.text)
    .text                                    0x080004e0   Section        0  tracker.o(.text)
    .text                                    0x08000ba8   Section        0  motor.o(.text)
    .text                                    0x08000e34   Section        0  encoder.o(.text)
    .text                                    0x08000efc   Section        0  oled.o(.text)
    .text                                    0x08001304   Section        0  map.o(.text)
    .text                                    0x08001478   Section        0  delay.o(.text)
    .text                                    0x0800154c   Section        0  usart.o(.text)
    .text                                    0x0800168c   Section       36  startup_stm32f10x_hd.o(.text)
    .text                                    0x080016b0   Section        0  misc.o(.text)
    .text                                    0x0800178c   Section        0  stm32f10x_gpio.o(.text)
    .text                                    0x08001ae8   Section        0  stm32f10x_rcc.o(.text)
    .text                                    0x08001e8c   Section        0  stm32f10x_tim.o(.text)
    TI4_Config                               0x08002333   Thumb Code   130  stm32f10x_tim.o(.text)
    TI3_Config                               0x080023c7   Thumb Code   122  stm32f10x_tim.o(.text)
    TI2_Config                               0x0800245b   Thumb Code   130  stm32f10x_tim.o(.text)
    TI1_Config                               0x080024ef   Thumb Code   108  stm32f10x_tim.o(.text)
    .text                                    0x08002ca8   Section        0  stm32f10x_usart.o(.text)
    .text                                    0x080030b0   Section        0  memcpya.o(.text)
    .text                                    0x080030d4   Section        0  fadd.o(.text)
    .text                                    0x08003184   Section        0  fmul.o(.text)
    .text                                    0x080031e8   Section        0  fdiv.o(.text)
    .text                                    0x08003264   Section        0  fflti.o(.text)
    .text                                    0x08003276   Section        0  ffltui.o(.text)
    .text                                    0x08003280   Section        0  ffixui.o(.text)
    .text                                    0x080032a8   Section        0  iusefp.o(.text)
    .text                                    0x080032a8   Section        0  fepilogue.o(.text)
    .text                                    0x08003318   Section       36  init.o(.text)
    i.__scatterload_copy                     0x0800333c   Section       14  handlers.o(i.__scatterload_copy)
    i.__scatterload_null                     0x0800334a   Section        2  handlers.o(i.__scatterload_null)
    i.__scatterload_zeroinit                 0x0800334c   Section       14  handlers.o(i.__scatterload_zeroinit)
    .constdata                               0x0800335a   Section        8  tracker.o(.constdata)
    .constdata                               0x08003362   Section     1520  oled.o(.constdata)
    .constdata                               0x08003954   Section      104  map.o(.constdata)
    .data                                    0x20000000   Section       20  system_stm32f10x.o(.data)
    .data                                    0x20000014   Section       32  tracker.o(.data)
    .data                                    0x20000034   Section       44  motor.o(.data)
    .data                                    0x20000060   Section        4  delay.o(.data)
    fac_us                                   0x20000060   Data           1  delay.o(.data)
    fac_ms                                   0x20000062   Data           2  delay.o(.data)
    .data                                    0x20000064   Section        6  usart.o(.data)
    .data                                    0x2000006a   Section       20  stm32f10x_rcc.o(.data)
    APBAHBPrescTable                         0x2000006a   Data          16  stm32f10x_rcc.o(.data)
    ADCPrescTable                            0x2000007a   Data           4  stm32f10x_rcc.o(.data)
    .bss                                     0x20000080   Section      200  usart.o(.bss)
    STACK                                    0x20000148   Section     1024  startup_stm32f10x_hd.o(STACK)

    Global Symbols

    Symbol Name                              Value     Ov Type        Size  Object(Section)

    BuildAttributes$$THM_ISAv4$P$D$K$B$S$PE$A:L22UL41UL21$X:L11$S22US41US21$IEEE1$IW$USESV6$~STKCKD$USESV7$~SHL$OTIME$ROPI$EBA8$MICROLIB$REQ8$PRES8$EABIv2 0x00000000   Number         0  anon$$obj.o ABSOLUTE
    __ARM_use_no_argv                        0x00000000   Number         0  main.o ABSOLUTE
    __use_no_errno                           0x00000000   Number         0  useno.o ABSOLUTE
    __use_no_exception_handling              0x00000000   Number         0  useno.o ABSOLUTE
    __use_no_fp                              0x00000000   Number         0  useno.o ABSOLUTE
    __use_no_heap                            0x00000000   Number         0  useno.o ABSOLUTE
    __use_no_heap_region                     0x00000000   Number         0  useno.o ABSOLUTE
    __use_no_semihosting                     0x00000000   Number         0  useno.o ABSOLUTE
    __use_no_semihosting_swi                 0x00000000   Number         0  useno.o ABSOLUTE
    __use_no_signal_handling                 0x00000000   Number         0  useno.o ABSOLUTE
    __arm_fini_                               - Undefined Weak Reference
    __cpp_initialize__aeabi_                  - Undefined Weak Reference
    __cxa_finalize                            - Undefined Weak Reference
    __decompress                              - Undefined Weak Reference
    _clock_init                               - Undefined Weak Reference
    _microlib_exit                            - Undefined Weak Reference
    __Vectors_Size                           0x00000130   Number         0  startup_stm32f10x_hd.o ABSOLUTE
    __Vectors                                0x08000000   Data           4  startup_stm32f10x_hd.o(RESET)
    __Vectors_End                            0x08000130   Data           0  startup_stm32f10x_hd.o(RESET)
    __main                                   0x08000131   Thumb Code     0  entry.o(.ARM.Collect$$$$00000000)
    _main_stk                                0x08000131   Thumb Code     0  entry2.o(.ARM.Collect$$$$00000001)
    _main_scatterload                        0x08000135   Thumb Code     0  entry5.o(.ARM.Collect$$$$00000004)
    __main_after_scatterload                 0x08000139   Thumb Code     0  entry5.o(.ARM.Collect$$$$00000004)
    _main_clock                              0x08000139   Thumb Code     0  entry7b.o(.ARM.Collect$$$$00000008)
    _main_cpp_init                           0x08000139   Thumb Code     0  entry8b.o(.ARM.Collect$$$$0000000A)
    _main_init                               0x08000139   Thumb Code     0  entry9a.o(.ARM.Collect$$$$0000000B)
    __rt_lib_shutdown_fini                   0x08000141   Thumb Code     0  entry12b.o(.ARM.Collect$$$$0000000E)
    __rt_final_cpp                           0x08000145   Thumb Code     0  entry10a.o(.ARM.Collect$$$$0000000F)
    __rt_final_exit                          0x08000145   Thumb Code     0  entry11a.o(.ARM.Collect$$$$00000011)
    main                                     0x08000149   Thumb Code    14  main.o(.text)
    NMI_Handler                              0x08000159   Thumb Code     2  stm32f10x_it.o(.text)
    HardFault_Handler                        0x0800015b   Thumb Code     4  stm32f10x_it.o(.text)
    MemManage_Handler                        0x0800015f   Thumb Code     4  stm32f10x_it.o(.text)
    BusFault_Handler                         0x08000163   Thumb Code     4  stm32f10x_it.o(.text)
    UsageFault_Handler                       0x08000167   Thumb Code     4  stm32f10x_it.o(.text)
    SVC_Handler                              0x0800016b   Thumb Code     2  stm32f10x_it.o(.text)
    DebugMon_Handler                         0x0800016d   Thumb Code     2  stm32f10x_it.o(.text)
    PendSV_Handler                           0x0800016f   Thumb Code     2  stm32f10x_it.o(.text)
    SysTick_Handler                          0x08000171   Thumb Code     2  stm32f10x_it.o(.text)
    TIM4_IRQHandler                          0x08000173   Thumb Code    22  stm32f10x_it.o(.text)
    SystemInit                               0x0800026b   Thumb Code    78  system_stm32f10x.o(.text)
    SystemCoreClockUpdate                    0x080002b9   Thumb Code   142  system_stm32f10x.o(.text)
    TIM3_Int_Init                            0x0800036d   Thumb Code    90  timer.o(.text)
    TIM3_IRQHandler                          0x080003c7   Thumb Code    38  timer.o(.text)
    TIM3_PWM_Init                            0x080003ed   Thumb Code   146  timer.o(.text)
    TIM4_Init                                0x0800047f   Thumb Code    72  timer.o(.text)
    Lane_Counter_Fwd_Init                    0x080004e1   Thumb Code   172  tracker.o(.text)
    Lane_Counter_Bwd_Init                    0x0800058d   Thumb Code   174  tracker.o(.text)
    Cross_Detect_Init                        0x0800063b   Thumb Code   100  tracker.o(.text)
    Lane_Counter_Fwd_Read                    0x0800069f   Thumb Code   100  tracker.o(.text)
    Lane_Counter_Bwd_Read                    0x08000703   Thumb Code   110  tracker.o(.text)
    Cross_Detect_Read                        0x08000771   Thumb Code    60  tracker.o(.text)
    Lane_Keep_Fwd                            0x080007ad   Thumb Code   218  tracker.o(.text)
    Lane_Keep_Bwd                            0x08000887   Thumb Code   276  tracker.o(.text)
    Go_Stright_Fwd                           0x0800099b   Thumb Code   184  tracker.o(.text)
    Go_Stright_Bwd                           0x08000a53   Thumb Code   192  tracker.o(.text)
    Turn_Left                                0x08000b13   Thumb Code    62  tracker.o(.text)
    Turn_Right                               0x08000b51   Thumb Code    60  tracker.o(.text)
    Motor_Init                               0x08000ba9   Thumb Code   128  motor.o(.text)
    PID_Speed_Control                        0x08000c29   Thumb Code   236  motor.o(.text)
    Motor_Start                              0x08000d15   Thumb Code    40  motor.o(.text)
    Motor_Stop                               0x08000d3d   Thumb Code    56  motor.o(.text)
    Motor_PWM                                0x08000d75   Thumb Code    24  motor.o(.text)
    Motor1_Bwd                               0x08000d8d   Thumb Code    24  motor.o(.text)
    Motor1_Fwd                               0x08000da5   Thumb Code    24  motor.o(.text)
    Motor2_Fwd                               0x08000dbd   Thumb Code    20  motor.o(.text)
    Motor2_Bwd                               0x08000dd1   Thumb Code    20  motor.o(.text)
    Encoder_Init                             0x08000e35   Thumb Code   158  encoder.o(.text)
    Encoder_Get                              0x08000ed3   Thumb Code    14  encoder.o(.text)
    Encoder_Show                             0x08000ee1   Thumb Code    22  encoder.o(.text)
    OLED_I2C_Init                            0x08000efd   Thumb Code    72  oled.o(.text)
    OLED_I2C_Start                           0x08000f45   Thumb Code    44  oled.o(.text)
    OLED_I2C_Stop                            0x08000f71   Thumb Code    34  oled.o(.text)
    OLED_I2C_SendByte                        0x08000f93   Thumb Code    74  oled.o(.text)
    OLED_WriteCommand                        0x08000fdd   Thumb Code    32  oled.o(.text)
    OLED_WriteData                           0x08000ffd   Thumb Code    32  oled.o(.text)
    OLED_SetCursor                           0x0800101d   Thumb Code    34  oled.o(.text)
    OLED_Clear                               0x0800103f   Thumb Code    42  oled.o(.text)
    OLED_ShowChar                            0x08001069   Thumb Code   110  oled.o(.text)
    OLED_ShowString                          0x080010d7   Thumb Code    40  oled.o(.text)
    OLED_Pow                                 0x080010ff   Thumb Code    20  oled.o(.text)
    OLED_ShowNum                             0x08001113   Thumb Code    68  oled.o(.text)
    OLED_ShowSignedNum                       0x08001157   Thumb Code   102  oled.o(.text)
    OLED_ShowHexNum                          0x080011bd   Thumb Code    84  oled.o(.text)
    OLED_ShowBinNum                          0x08001211   Thumb Code    62  oled.o(.text)
    OLED_Init                                0x0800124f   Thumb Code   182  oled.o(.text)
    Init_All                                 0x08001305   Thumb Code    42  map.o(.text)
    Map1                                     0x0800132f   Thumb Code    38  map.o(.text)
    Map2                                     0x08001355   Thumb Code   138  map.o(.text)
    Map3                                     0x080013df   Thumb Code    18  map.o(.text)
    Map4                                     0x080013f1   Thumb Code   132  map.o(.text)
    delay_init                               0x08001479   Thumb Code    50  delay.o(.text)
    delay_us                                 0x080014ab   Thumb Code    72  delay.o(.text)
    delay_ms                                 0x080014f3   Thumb Code    72  delay.o(.text)
    _sys_exit                                0x0800154d   Thumb Code     4  usart.o(.text)
    fputc                                    0x08001551   Thumb Code    24  usart.o(.text)
    uart_init                                0x08001569   Thumb Code   152  usart.o(.text)
    USART1_IRQHandler                        0x08001601   Thumb Code   122  usart.o(.text)
    Reset_Handler                            0x0800168d   Thumb Code     8  startup_stm32f10x_hd.o(.text)
    ADC1_2_IRQHandler                        0x080016a7   Thumb Code     0  startup_stm32f10x_hd.o(.text)
    ADC3_IRQHandler                          0x080016a7   Thumb Code     0  startup_stm32f10x_hd.o(.text)
    CAN1_RX1_IRQHandler                      0x080016a7   Thumb Code     0  startup_stm32f10x_hd.o(.text)
    CAN1_SCE_IRQHandler                      0x080016a7   Thumb Code     0  startup_stm32f10x_hd.o(.text)
    DMA1_Channel1_IRQHandler                 0x080016a7   Thumb Code     0  startup_stm32f10x_hd.o(.text)
    DMA1_Channel2_IRQHandler                 0x080016a7   Thumb Code     0  startup_stm32f10x_hd.o(.text)
    DMA1_Channel3_IRQHandler                 0x080016a7   Thumb Code     0  startup_stm32f10x_hd.o(.text)
    DMA1_Channel4_IRQHandler                 0x080016a7   Thumb Code     0  startup_stm32f10x_hd.o(.text)
    DMA1_Channel5_IRQHandler                 0x080016a7   Thumb Code     0  startup_stm32f10x_hd.o(.text)
    DMA1_Channel6_IRQHandler                 0x080016a7   Thumb Code     0  startup_stm32f10x_hd.o(.text)
    DMA1_Channel7_IRQHandler                 0x080016a7   Thumb Code     0  startup_stm32f10x_hd.o(.text)
    DMA2_Channel1_IRQHandler                 0x080016a7   Thumb Code     0  startup_stm32f10x_hd.o(.text)
    DMA2_Channel2_IRQHandler                 0x080016a7   Thumb Code     0  startup_stm32f10x_hd.o(.text)
    DMA2_Channel3_IRQHandler                 0x080016a7   Thumb Code     0  startup_stm32f10x_hd.o(.text)
    DMA2_Channel4_5_IRQHandler               0x080016a7   Thumb Code     0  startup_stm32f10x_hd.o(.text)
    EXTI0_IRQHandler                         0x080016a7   Thumb Code     0  startup_stm32f10x_hd.o(.text)
    EXTI15_10_IRQHandler                     0x080016a7   Thumb Code     0  startup_stm32f10x_hd.o(.text)
    EXTI1_IRQHandler                         0x080016a7   Thumb Code     0  startup_stm32f10x_hd.o(.text)
    EXTI2_IRQHandler                         0x080016a7   Thumb Code     0  startup_stm32f10x_hd.o(.text)
    EXTI3_IRQHandler                         0x080016a7   Thumb Code     0  startup_stm32f10x_hd.o(.text)
    EXTI4_IRQHandler                         0x080016a7   Thumb Code     0  startup_stm32f10x_hd.o(.text)
    EXTI9_5_IRQHandler                       0x080016a7   Thumb Code     0  startup_stm32f10x_hd.o(.text)
    FLASH_IRQHandler                         0x080016a7   Thumb Code     0  startup_stm32f10x_hd.o(.text)
    FSMC_IRQHandler                          0x080016a7   Thumb Code     0  startup_stm32f10x_hd.o(.text)
    I2C1_ER_IRQHandler                       0x080016a7   Thumb Code     0  startup_stm32f10x_hd.o(.text)
    I2C1_EV_IRQHandler                       0x080016a7   Thumb Code     0  startup_stm32f10x_hd.o(.text)
    I2C2_ER_IRQHandler                       0x080016a7   Thumb Code     0  startup_stm32f10x_hd.o(.text)
    I2C2_EV_IRQHandler                       0x080016a7   Thumb Code     0  startup_stm32f10x_hd.o(.text)
    PVD_IRQHandler                           0x080016a7   Thumb Code     0  startup_stm32f10x_hd.o(.text)
    RCC_IRQHandler                           0x080016a7   Thumb Code     0  startup_stm32f10x_hd.o(.text)
    RTCAlarm_IRQHandler                      0x080016a7   Thumb Code     0  startup_stm32f10x_hd.o(.text)
    RTC_IRQHandler                           0x080016a7   Thumb Code     0  startup_stm32f10x_hd.o(.text)
    SDIO_IRQHandler                          0x080016a7   Thumb Code     0  startup_stm32f10x_hd.o(.text)
    SPI1_IRQHandler                          0x080016a7   Thumb Code     0  startup_stm32f10x_hd.o(.text)
    SPI2_IRQHandler                          0x080016a7   Thumb Code     0  startup_stm32f10x_hd.o(.text)
    SPI3_IRQHandler                          0x080016a7   Thumb Code     0  startup_stm32f10x_hd.o(.text)
    TAMPER_IRQHandler                        0x080016a7   Thumb Code     0  startup_stm32f10x_hd.o(.text)
    TIM1_BRK_IRQHandler                      0x080016a7   Thumb Code     0  startup_stm32f10x_hd.o(.text)
    TIM1_CC_IRQHandler                       0x080016a7   Thumb Code     0  startup_stm32f10x_hd.o(.text)
    TIM1_TRG_COM_IRQHandler                  0x080016a7   Thumb Code     0  startup_stm32f10x_hd.o(.text)
    TIM1_UP_IRQHandler                       0x080016a7   Thumb Code     0  startup_stm32f10x_hd.o(.text)
    TIM2_IRQHandler                          0x080016a7   Thumb Code     0  startup_stm32f10x_hd.o(.text)
    TIM5_IRQHandler                          0x080016a7   Thumb Code     0  startup_stm32f10x_hd.o(.text)
    TIM6_IRQHandler                          0x080016a7   Thumb Code     0  startup_stm32f10x_hd.o(.text)
    TIM7_IRQHandler                          0x080016a7   Thumb Code     0  startup_stm32f10x_hd.o(.text)
    TIM8_BRK_IRQHandler                      0x080016a7   Thumb Code     0  startup_stm32f10x_hd.o(.text)
    TIM8_CC_IRQHandler                       0x080016a7   Thumb Code     0  startup_stm32f10x_hd.o(.text)
    TIM8_TRG_COM_IRQHandler                  0x080016a7   Thumb Code     0  startup_stm32f10x_hd.o(.text)
    TIM8_UP_IRQHandler                       0x080016a7   Thumb Code     0  startup_stm32f10x_hd.o(.text)
    UART4_IRQHandler                         0x080016a7   Thumb Code     0  startup_stm32f10x_hd.o(.text)
    UART5_IRQHandler                         0x080016a7   Thumb Code     0  startup_stm32f10x_hd.o(.text)
    USART2_IRQHandler                        0x080016a7   Thumb Code     0  startup_stm32f10x_hd.o(.text)
    USART3_IRQHandler                        0x080016a7   Thumb Code     0  startup_stm32f10x_hd.o(.text)
    USBWakeUp_IRQHandler                     0x080016a7   Thumb Code     0  startup_stm32f10x_hd.o(.text)
    USB_HP_CAN1_TX_IRQHandler                0x080016a7   Thumb Code     0  startup_stm32f10x_hd.o(.text)
    USB_LP_CAN1_RX0_IRQHandler               0x080016a7   Thumb Code     0  startup_stm32f10x_hd.o(.text)
    WWDG_IRQHandler                          0x080016a7   Thumb Code     0  startup_stm32f10x_hd.o(.text)
    NVIC_PriorityGroupConfig                 0x080016b1   Thumb Code    10  misc.o(.text)
    NVIC_Init                                0x080016bb   Thumb Code   100  misc.o(.text)
    NVIC_SetVectorTable                      0x0800171f   Thumb Code    14  misc.o(.text)
    NVIC_SystemLPConfig                      0x0800172d   Thumb Code    34  misc.o(.text)
    SysTick_CLKSourceConfig                  0x0800174f   Thumb Code    40  misc.o(.text)
    GPIO_DeInit                              0x0800178d   Thumb Code   172  stm32f10x_gpio.o(.text)
    GPIO_AFIODeInit                          0x08001839   Thumb Code    20  stm32f10x_gpio.o(.text)
    GPIO_Init                                0x0800184d   Thumb Code   278  stm32f10x_gpio.o(.text)
    GPIO_StructInit                          0x08001963   Thumb Code    16  stm32f10x_gpio.o(.text)
    GPIO_ReadInputDataBit                    0x08001973   Thumb Code    18  stm32f10x_gpio.o(.text)
    GPIO_ReadInputData                       0x08001985   Thumb Code     8  stm32f10x_gpio.o(.text)
    GPIO_ReadOutputDataBit                   0x0800198d   Thumb Code    18  stm32f10x_gpio.o(.text)
    GPIO_ReadOutputData                      0x0800199f   Thumb Code     8  stm32f10x_gpio.o(.text)
    GPIO_SetBits                             0x080019a7   Thumb Code     4  stm32f10x_gpio.o(.text)
    GPIO_ResetBits                           0x080019ab   Thumb Code     4  stm32f10x_gpio.o(.text)
    GPIO_WriteBit                            0x080019af   Thumb Code    10  stm32f10x_gpio.o(.text)
    GPIO_Write                               0x080019b9   Thumb Code     4  stm32f10x_gpio.o(.text)
    GPIO_PinLockConfig                       0x080019bd   Thumb Code    18  stm32f10x_gpio.o(.text)
    GPIO_EventOutputConfig                   0x080019cf   Thumb Code    26  stm32f10x_gpio.o(.text)
    GPIO_EventOutputCmd                      0x080019e9   Thumb Code     6  stm32f10x_gpio.o(.text)
    GPIO_PinRemapConfig                      0x080019ef   Thumb Code   138  stm32f10x_gpio.o(.text)
    GPIO_EXTILineConfig                      0x08001a79   Thumb Code    66  stm32f10x_gpio.o(.text)
    GPIO_ETH_MediaInterfaceConfig            0x08001abb   Thumb Code     8  stm32f10x_gpio.o(.text)
    RCC_DeInit                               0x08001ae9   Thumb Code    64  stm32f10x_rcc.o(.text)
    RCC_HSEConfig                            0x08001b29   Thumb Code    70  stm32f10x_rcc.o(.text)
    RCC_GetFlagStatus                        0x08001b6f   Thumb Code    56  stm32f10x_rcc.o(.text)
    RCC_WaitForHSEStartUp                    0x08001ba7   Thumb Code    56  stm32f10x_rcc.o(.text)
    RCC_AdjustHSICalibrationValue            0x08001bdf   Thumb Code    20  stm32f10x_rcc.o(.text)
    RCC_HSICmd                               0x08001bf3   Thumb Code     6  stm32f10x_rcc.o(.text)
    RCC_PLLConfig                            0x08001bf9   Thumb Code    24  stm32f10x_rcc.o(.text)
    RCC_PLLCmd                               0x08001c11   Thumb Code     6  stm32f10x_rcc.o(.text)
    RCC_SYSCLKConfig                         0x08001c17   Thumb Code    18  stm32f10x_rcc.o(.text)
    RCC_GetSYSCLKSource                      0x08001c29   Thumb Code    10  stm32f10x_rcc.o(.text)
    RCC_HCLKConfig                           0x08001c33   Thumb Code    18  stm32f10x_rcc.o(.text)
    RCC_PCLK1Config                          0x08001c45   Thumb Code    18  stm32f10x_rcc.o(.text)
    RCC_PCLK2Config                          0x08001c57   Thumb Code    20  stm32f10x_rcc.o(.text)
    RCC_ITConfig                             0x08001c6b   Thumb Code    26  stm32f10x_rcc.o(.text)
    RCC_USBCLKConfig                         0x08001c85   Thumb Code     8  stm32f10x_rcc.o(.text)
    RCC_ADCCLKConfig                         0x08001c8d   Thumb Code    18  stm32f10x_rcc.o(.text)
    RCC_LSEConfig                            0x08001c9f   Thumb Code    50  stm32f10x_rcc.o(.text)
    RCC_LSICmd                               0x08001cd1   Thumb Code     6  stm32f10x_rcc.o(.text)
    RCC_RTCCLKConfig                         0x08001cd7   Thumb Code    12  stm32f10x_rcc.o(.text)
    RCC_RTCCLKCmd                            0x08001ce3   Thumb Code     8  stm32f10x_rcc.o(.text)
    RCC_GetClocksFreq                        0x08001ceb   Thumb Code   192  stm32f10x_rcc.o(.text)
    RCC_AHBPeriphClockCmd                    0x08001dab   Thumb Code    26  stm32f10x_rcc.o(.text)
    RCC_APB2PeriphClockCmd                   0x08001dc5   Thumb Code    26  stm32f10x_rcc.o(.text)
    RCC_APB1PeriphClockCmd                   0x08001ddf   Thumb Code    26  stm32f10x_rcc.o(.text)
    RCC_APB2PeriphResetCmd                   0x08001df9   Thumb Code    26  stm32f10x_rcc.o(.text)
    RCC_APB1PeriphResetCmd                   0x08001e13   Thumb Code    26  stm32f10x_rcc.o(.text)
    RCC_BackupResetCmd                       0x08001e2d   Thumb Code     8  stm32f10x_rcc.o(.text)
    RCC_ClockSecuritySystemCmd               0x08001e35   Thumb Code     6  stm32f10x_rcc.o(.text)
    RCC_MCOConfig                            0x08001e3b   Thumb Code     6  stm32f10x_rcc.o(.text)
    RCC_ClearFlag                            0x08001e41   Thumb Code    14  stm32f10x_rcc.o(.text)
    RCC_GetITStatus                          0x08001e4f   Thumb Code    20  stm32f10x_rcc.o(.text)
    RCC_ClearITPendingBit                    0x08001e63   Thumb Code     6  stm32f10x_rcc.o(.text)
    TIM_DeInit                               0x08001e8d   Thumb Code   424  stm32f10x_tim.o(.text)
    TIM_TimeBaseInit                         0x08002035   Thumb Code   122  stm32f10x_tim.o(.text)
    TIM_OC1Init                              0x080020af   Thumb Code   132  stm32f10x_tim.o(.text)
    TIM_OC2Init                              0x08002133   Thumb Code   154  stm32f10x_tim.o(.text)
    TIM_OC3Init                              0x080021cd   Thumb Code   150  stm32f10x_tim.o(.text)
    TIM_OC4Init                              0x08002263   Thumb Code   182  stm32f10x_tim.o(.text)
    TIM_SetIC4Prescaler                      0x08002319   Thumb Code    26  stm32f10x_tim.o(.text)
    TIM_SetIC3Prescaler                      0x080023b5   Thumb Code    18  stm32f10x_tim.o(.text)
    TIM_SetIC2Prescaler                      0x08002441   Thumb Code    26  stm32f10x_tim.o(.text)
    TIM_SetIC1Prescaler                      0x080024dd   Thumb Code    18  stm32f10x_tim.o(.text)
    TIM_ICInit                               0x0800255b   Thumb Code   150  stm32f10x_tim.o(.text)
    TIM_PWMIConfig                           0x080025f1   Thumb Code   124  stm32f10x_tim.o(.text)
    TIM_BDTRConfig                           0x0800266d   Thumb Code    32  stm32f10x_tim.o(.text)
    TIM_TimeBaseStructInit                   0x0800268d   Thumb Code    18  stm32f10x_tim.o(.text)
    TIM_OCStructInit                         0x0800269f   Thumb Code    20  stm32f10x_tim.o(.text)
    TIM_ICStructInit                         0x080026b3   Thumb Code    18  stm32f10x_tim.o(.text)
    TIM_BDTRStructInit                       0x080026c5   Thumb Code    40  stm32f10x_tim.o(.text)
    TIM_Cmd                                  0x080026ed   Thumb Code    24  stm32f10x_tim.o(.text)
    TIM_CtrlPWMOutputs                       0x08002705   Thumb Code    30  stm32f10x_tim.o(.text)
    TIM_ITConfig                             0x08002723   Thumb Code    18  stm32f10x_tim.o(.text)
    TIM_GenerateEvent                        0x08002735   Thumb Code     4  stm32f10x_tim.o(.text)
    TIM_DMAConfig                            0x08002739   Thumb Code    10  stm32f10x_tim.o(.text)
    TIM_DMACmd                               0x08002743   Thumb Code    18  stm32f10x_tim.o(.text)
    TIM_InternalClockConfig                  0x08002755   Thumb Code    12  stm32f10x_tim.o(.text)
    TIM_SelectInputTrigger                   0x08002761   Thumb Code    18  stm32f10x_tim.o(.text)
    TIM_ITRxExternalClockConfig              0x08002773   Thumb Code    24  stm32f10x_tim.o(.text)
    TIM_TIxExternalClockConfig               0x0800278b   Thumb Code    62  stm32f10x_tim.o(.text)
    TIM_ETRConfig                            0x080027c9   Thumb Code    28  stm32f10x_tim.o(.text)
    TIM_ETRClockMode1Config                  0x080027e5   Thumb Code    54  stm32f10x_tim.o(.text)
    TIM_ETRClockMode2Config                  0x0800281b   Thumb Code    32  stm32f10x_tim.o(.text)
    TIM_PrescalerConfig                      0x0800283b   Thumb Code     6  stm32f10x_tim.o(.text)
    TIM_CounterModeConfig                    0x08002841   Thumb Code    18  stm32f10x_tim.o(.text)
    TIM_EncoderInterfaceConfig               0x08002853   Thumb Code    66  stm32f10x_tim.o(.text)
    TIM_ForcedOC1Config                      0x08002895   Thumb Code    18  stm32f10x_tim.o(.text)
    TIM_ForcedOC2Config                      0x080028a7   Thumb Code    26  stm32f10x_tim.o(.text)
    TIM_ForcedOC3Config                      0x080028c1   Thumb Code    18  stm32f10x_tim.o(.text)
    TIM_ForcedOC4Config                      0x080028d3   Thumb Code    26  stm32f10x_tim.o(.text)
    TIM_ARRPreloadConfig                     0x080028ed   Thumb Code    24  stm32f10x_tim.o(.text)
    TIM_SelectCOM                            0x08002905   Thumb Code    24  stm32f10x_tim.o(.text)
    TIM_SelectCCDMA                          0x0800291d   Thumb Code    24  stm32f10x_tim.o(.text)
    TIM_CCPreloadControl                     0x08002935   Thumb Code    24  stm32f10x_tim.o(.text)
    TIM_OC1PreloadConfig                     0x0800294d   Thumb Code    18  stm32f10x_tim.o(.text)
    TIM_OC2PreloadConfig                     0x0800295f   Thumb Code    26  stm32f10x_tim.o(.text)
    TIM_OC3PreloadConfig                     0x08002979   Thumb Code    18  stm32f10x_tim.o(.text)
    TIM_OC4PreloadConfig                     0x0800298b   Thumb Code    26  stm32f10x_tim.o(.text)
    TIM_OC1FastConfig                        0x080029a5   Thumb Code    18  stm32f10x_tim.o(.text)
    TIM_OC2FastConfig                        0x080029b7   Thumb Code    26  stm32f10x_tim.o(.text)
    TIM_OC3FastConfig                        0x080029d1   Thumb Code    18  stm32f10x_tim.o(.text)
    TIM_OC4FastConfig                        0x080029e3   Thumb Code    26  stm32f10x_tim.o(.text)
    TIM_ClearOC1Ref                          0x080029fd   Thumb Code    18  stm32f10x_tim.o(.text)
    TIM_ClearOC2Ref                          0x08002a0f   Thumb Code    24  stm32f10x_tim.o(.text)
    TIM_ClearOC3Ref                          0x08002a27   Thumb Code    18  stm32f10x_tim.o(.text)
    TIM_ClearOC4Ref                          0x08002a39   Thumb Code    24  stm32f10x_tim.o(.text)
    TIM_OC1PolarityConfig                    0x08002a51   Thumb Code    18  stm32f10x_tim.o(.text)
    TIM_OC1NPolarityConfig                   0x08002a63   Thumb Code    18  stm32f10x_tim.o(.text)
    TIM_OC2PolarityConfig                    0x08002a75   Thumb Code    26  stm32f10x_tim.o(.text)
    TIM_OC2NPolarityConfig                   0x08002a8f   Thumb Code    26  stm32f10x_tim.o(.text)
    TIM_OC3PolarityConfig                    0x08002aa9   Thumb Code    26  stm32f10x_tim.o(.text)
    TIM_OC3NPolarityConfig                   0x08002ac3   Thumb Code    26  stm32f10x_tim.o(.text)
    TIM_OC4PolarityConfig                    0x08002add   Thumb Code    26  stm32f10x_tim.o(.text)
    TIM_CCxCmd                               0x08002af7   Thumb Code    30  stm32f10x_tim.o(.text)
    TIM_CCxNCmd                              0x08002b15   Thumb Code    30  stm32f10x_tim.o(.text)
    TIM_SelectOCxM                           0x08002b33   Thumb Code    82  stm32f10x_tim.o(.text)
    TIM_UpdateDisableConfig                  0x08002b85   Thumb Code    24  stm32f10x_tim.o(.text)
    TIM_UpdateRequestConfig                  0x08002b9d   Thumb Code    24  stm32f10x_tim.o(.text)
    TIM_SelectHallSensor                     0x08002bb5   Thumb Code    24  stm32f10x_tim.o(.text)
    TIM_SelectOnePulseMode                   0x08002bcd   Thumb Code    18  stm32f10x_tim.o(.text)
    TIM_SelectOutputTrigger                  0x08002bdf   Thumb Code    18  stm32f10x_tim.o(.text)
    TIM_SelectSlaveMode                      0x08002bf1   Thumb Code    18  stm32f10x_tim.o(.text)
    TIM_SelectMasterSlaveMode                0x08002c03   Thumb Code    18  stm32f10x_tim.o(.text)
    TIM_SetCounter                           0x08002c15   Thumb Code     4  stm32f10x_tim.o(.text)
    TIM_SetAutoreload                        0x08002c19   Thumb Code     4  stm32f10x_tim.o(.text)
    TIM_SetCompare1                          0x08002c1d   Thumb Code     4  stm32f10x_tim.o(.text)
    TIM_SetCompare2                          0x08002c21   Thumb Code     4  stm32f10x_tim.o(.text)
    TIM_SetCompare3                          0x08002c25   Thumb Code     4  stm32f10x_tim.o(.text)
    TIM_SetCompare4                          0x08002c29   Thumb Code     6  stm32f10x_tim.o(.text)
    TIM_SetClockDivision                     0x08002c2f   Thumb Code    18  stm32f10x_tim.o(.text)
    TIM_GetCapture1                          0x08002c41   Thumb Code     6  stm32f10x_tim.o(.text)
    TIM_GetCapture2                          0x08002c47   Thumb Code     6  stm32f10x_tim.o(.text)
    TIM_GetCapture3                          0x08002c4d   Thumb Code     6  stm32f10x_tim.o(.text)
    TIM_GetCapture4                          0x08002c53   Thumb Code     8  stm32f10x_tim.o(.text)
    TIM_GetCounter                           0x08002c5b   Thumb Code     6  stm32f10x_tim.o(.text)
    TIM_GetPrescaler                         0x08002c61   Thumb Code     6  stm32f10x_tim.o(.text)
    TIM_GetFlagStatus                        0x08002c67   Thumb Code    18  stm32f10x_tim.o(.text)
    TIM_ClearFlag                            0x08002c79   Thumb Code     6  stm32f10x_tim.o(.text)
    TIM_GetITStatus                          0x08002c7f   Thumb Code    34  stm32f10x_tim.o(.text)
    TIM_ClearITPendingBit                    0x08002ca1   Thumb Code     6  stm32f10x_tim.o(.text)
    USART_DeInit                             0x08002ca9   Thumb Code   134  stm32f10x_usart.o(.text)
    USART_Init                               0x08002d2f   Thumb Code   210  stm32f10x_usart.o(.text)
    USART_StructInit                         0x08002e01   Thumb Code    24  stm32f10x_usart.o(.text)
    USART_ClockInit                          0x08002e19   Thumb Code    34  stm32f10x_usart.o(.text)
    USART_ClockStructInit                    0x08002e3b   Thumb Code    12  stm32f10x_usart.o(.text)
    USART_Cmd                                0x08002e47   Thumb Code    24  stm32f10x_usart.o(.text)
    USART_ITConfig                           0x08002e5f   Thumb Code    74  stm32f10x_usart.o(.text)
    USART_DMACmd                             0x08002ea9   Thumb Code    18  stm32f10x_usart.o(.text)
    USART_SetAddress                         0x08002ebb   Thumb Code    18  stm32f10x_usart.o(.text)
    USART_WakeUpConfig                       0x08002ecd   Thumb Code    18  stm32f10x_usart.o(.text)
    USART_ReceiverWakeUpCmd                  0x08002edf   Thumb Code    24  stm32f10x_usart.o(.text)
    USART_LINBreakDetectLengthConfig         0x08002ef7   Thumb Code    18  stm32f10x_usart.o(.text)
    USART_LINCmd                             0x08002f09   Thumb Code    24  stm32f10x_usart.o(.text)
    USART_SendData                           0x08002f21   Thumb Code     8  stm32f10x_usart.o(.text)
    USART_ReceiveData                        0x08002f29   Thumb Code    10  stm32f10x_usart.o(.text)
    USART_SendBreak                          0x08002f33   Thumb Code    10  stm32f10x_usart.o(.text)
    USART_SetGuardTime                       0x08002f3d   Thumb Code    16  stm32f10x_usart.o(.text)
    USART_SetPrescaler                       0x08002f4d   Thumb Code    16  stm32f10x_usart.o(.text)
    USART_SmartCardCmd                       0x08002f5d   Thumb Code    24  stm32f10x_usart.o(.text)
    USART_SmartCardNACKCmd                   0x08002f75   Thumb Code    24  stm32f10x_usart.o(.text)
    USART_HalfDuplexCmd                      0x08002f8d   Thumb Code    24  stm32f10x_usart.o(.text)
    USART_OverSampling8Cmd                   0x08002fa5   Thumb Code    22  stm32f10x_usart.o(.text)
    USART_OneBitMethodCmd                    0x08002fbb   Thumb Code    24  stm32f10x_usart.o(.text)
    USART_IrDAConfig                         0x08002fd3   Thumb Code    18  stm32f10x_usart.o(.text)
    USART_IrDACmd                            0x08002fe5   Thumb Code    24  stm32f10x_usart.o(.text)
    USART_GetFlagStatus                      0x08002ffd   Thumb Code    26  stm32f10x_usart.o(.text)
    USART_ClearFlag                          0x08003017   Thumb Code    18  stm32f10x_usart.o(.text)
    USART_GetITStatus                        0x08003029   Thumb Code    84  stm32f10x_usart.o(.text)
    USART_ClearITPendingBit                  0x0800307d   Thumb Code    52  stm32f10x_usart.o(.text)
    __aeabi_memcpy                           0x080030b1   Thumb Code    36  memcpya.o(.text)
    __aeabi_memcpy4                          0x080030b1   Thumb Code     0  memcpya.o(.text)
    __aeabi_memcpy8                          0x080030b1   Thumb Code     0  memcpya.o(.text)
    __aeabi_fadd                             0x080030d5   Thumb Code   164  fadd.o(.text)
    __aeabi_fsub                             0x08003179   Thumb Code     6  fadd.o(.text)
    __aeabi_frsub                            0x0800317f   Thumb Code     6  fadd.o(.text)
    __aeabi_fmul                             0x08003185   Thumb Code   100  fmul.o(.text)
    __aeabi_fdiv                             0x080031e9   Thumb Code   124  fdiv.o(.text)
    __aeabi_i2f                              0x08003265   Thumb Code    18  fflti.o(.text)
    __aeabi_ui2f                             0x08003277   Thumb Code    10  ffltui.o(.text)
    __aeabi_f2uiz                            0x08003281   Thumb Code    40  ffixui.o(.text)
    __I$use$fp                               0x080032a9   Thumb Code     0  iusefp.o(.text)
    _float_round                             0x080032a9   Thumb Code    18  fepilogue.o(.text)
    _float_epilogue                          0x080032bb   Thumb Code    92  fepilogue.o(.text)
    __scatterload                            0x08003319   Thumb Code    28  init.o(.text)
    __scatterload_rt2                        0x08003319   Thumb Code     0  init.o(.text)
    __scatterload_copy                       0x0800333d   Thumb Code    14  handlers.o(i.__scatterload_copy)
    __scatterload_null                       0x0800334b   Thumb Code     2  handlers.o(i.__scatterload_null)
    __scatterload_zeroinit                   0x0800334d   Thumb Code    14  handlers.o(i.__scatterload_zeroinit)
    weight                                   0x0800335a   Data           8  tracker.o(.constdata)
    OLED_F8x16                               0x08003362   Data        1520  oled.o(.constdata)
    Region$$Table$$Base                      0x080039bc   Number         0  anon$$obj.o(Region$$Table)
    Region$$Table$$Limit                     0x080039dc   Number         0  anon$$obj.o(Region$$Table)
    SystemCoreClock                          0x20000000   Data           4  system_stm32f10x.o(.data)
    AHBPrescTable                            0x20000004   Data          16  system_stm32f10x.o(.data)
    SensorB                                  0x20000014   Data           8  tracker.o(.data)
    SensorA                                  0x2000001c   Data           8  tracker.o(.data)
    SensorC                                  0x20000024   Data           4  tracker.o(.data)
    speed                                    0x20000028   Data           4  tracker.o(.data)
    speed_L                                  0x2000002c   Data           4  tracker.o(.data)
    speed_R                                  0x20000030   Data           4  tracker.o(.data)
    set_speed                                0x20000034   Data           4  motor.o(.data)
    curr_speed                               0x20000038   Data           4  motor.o(.data)
    error                                    0x2000003c   Data           4  motor.o(.data)
    error_sum                                0x20000040   Data           4  motor.o(.data)
    error_diff                               0x20000044   Data           4  motor.o(.data)
    last_error                               0x20000048   Data           4  motor.o(.data)
    pid_output                               0x2000004c   Data           4  motor.o(.data)
    pwm_output                               0x20000050   Data           4  motor.o(.data)
    adc_value                                0x20000054   Data           4  motor.o(.data)
    motor_voltage                            0x20000058   Data           4  motor.o(.data)
    motor_current                            0x2000005c   Data           4  motor.o(.data)
    __stdout                                 0x20000064   Data           4  usart.o(.data)
    USART_RX_STA                             0x20000068   Data           2  usart.o(.data)
    USART_RX_BUF                             0x20000080   Data         200  usart.o(.bss)
    __initial_sp                             0x20000548   Data           0  startup_stm32f10x_hd.o(STACK)



==============================================================================

Memory Map of the image

  Image Entry point : 0x08000131

  Load Region LR_IROM1 (Base: 0x08000000, Size: 0x00003a5c, Max: 0x00080000, ABSOLUTE)

    Execution Region ER_IROM1 (Exec base: 0x08000000, Load base: 0x08000000, Size: 0x000039dc, Max: 0x00080000, ABSOLUTE)

    Exec Addr    Load Addr    Size         Type   Attr      Idx    E Section Name        Object

    0x08000000   0x08000000   0x00000130   Data   RO          412    RESET               startup_stm32f10x_hd.o
    0x08000130   0x08000130   0x00000000   Code   RO          479  * .ARM.Collect$$$$00000000  mc_w.l(entry.o)
    0x08000130   0x08000130   0x00000004   Code   RO          498    .ARM.Collect$$$$00000001  mc_w.l(entry2.o)
    0x08000134   0x08000134   0x00000004   Code   RO          501    .ARM.Collect$$$$00000004  mc_w.l(entry5.o)
    0x08000138   0x08000138   0x00000000   Code   RO          503    .ARM.Collect$$$$00000008  mc_w.l(entry7b.o)
    0x08000138   0x08000138   0x00000000   Code   RO          505    .ARM.Collect$$$$0000000A  mc_w.l(entry8b.o)
    0x08000138   0x08000138   0x00000008   Code   RO          506    .ARM.Collect$$$$0000000B  mc_w.l(entry9a.o)
    0x08000140   0x08000140   0x00000004   Code   RO          513    .ARM.Collect$$$$0000000E  mc_w.l(entry12b.o)
    0x08000144   0x08000144   0x00000000   Code   RO          508    .ARM.Collect$$$$0000000F  mc_w.l(entry10a.o)
    0x08000144   0x08000144   0x00000000   Code   RO          510    .ARM.Collect$$$$00000011  mc_w.l(entry11a.o)
    0x08000144   0x08000144   0x00000004   Code   RO          499    .ARM.Collect$$$$00002712  mc_w.l(entry2.o)
    0x08000148   0x08000148   0x0000000e   Code   RO            1    .text               main.o
    0x08000156   0x08000156   0x00000002   PAD
    0x08000158   0x08000158   0x00000034   Code   RO          148    .text               stm32f10x_it.o
    0x0800018c   0x0800018c   0x000001e0   Code   RO          189    .text               system_stm32f10x.o
    0x0800036c   0x0800036c   0x00000174   Code   RO          232    .text               timer.o
    0x080004e0   0x080004e0   0x000006c8   Code   RO          250    .text               tracker.o
    0x08000ba8   0x08000ba8   0x0000028c   Code   RO          274    .text               motor.o
    0x08000e34   0x08000e34   0x000000c8   Code   RO          303    .text               encoder.o
    0x08000efc   0x08000efc   0x00000408   Code   RO          315    .text               oled.o
    0x08001304   0x08001304   0x00000174   Code   RO          333    .text               map.o
    0x08001478   0x08001478   0x000000d4   Code   RO          346    .text               delay.o
    0x0800154c   0x0800154c   0x00000140   Code   RO          377    .text               usart.o
    0x0800168c   0x0800168c   0x00000024   Code   RO          413    .text               startup_stm32f10x_hd.o
    0x080016b0   0x080016b0   0x000000dc   Code   RO          417    .text               misc.o
    0x0800178c   0x0800178c   0x0000035c   Code   RO          429    .text               stm32f10x_gpio.o
    0x08001ae8   0x08001ae8   0x000003a4   Code   RO          441    .text               stm32f10x_rcc.o
    0x08001e8c   0x08001e8c   0x00000e1a   Code   RO          455    .text               stm32f10x_tim.o
    0x08002ca6   0x08002ca6   0x00000002   PAD
    0x08002ca8   0x08002ca8   0x00000408   Code   RO          467    .text               stm32f10x_usart.o
    0x080030b0   0x080030b0   0x00000024   Code   RO          482    .text               mc_w.l(memcpya.o)
    0x080030d4   0x080030d4   0x000000b0   Code   RO          486    .text               mf_w.l(fadd.o)
    0x08003184   0x08003184   0x00000064   Code   RO          488    .text               mf_w.l(fmul.o)
    0x080031e8   0x080031e8   0x0000007c   Code   RO          490    .text               mf_w.l(fdiv.o)
    0x08003264   0x08003264   0x00000012   Code   RO          492    .text               mf_w.l(fflti.o)
    0x08003276   0x08003276   0x0000000a   Code   RO          494    .text               mf_w.l(ffltui.o)
    0x08003280   0x08003280   0x00000028   Code   RO          496    .text               mf_w.l(ffixui.o)
    0x080032a8   0x080032a8   0x00000000   Code   RO          514    .text               mc_w.l(iusefp.o)
    0x080032a8   0x080032a8   0x0000006e   Code   RO          515    .text               mf_w.l(fepilogue.o)
    0x08003316   0x08003316   0x00000002   PAD
    0x08003318   0x08003318   0x00000024   Code   RO          517    .text               mc_w.l(init.o)
    0x0800333c   0x0800333c   0x0000000e   Code   RO          521    i.__scatterload_copy  mc_w.l(handlers.o)
    0x0800334a   0x0800334a   0x00000002   Code   RO          522    i.__scatterload_null  mc_w.l(handlers.o)
    0x0800334c   0x0800334c   0x0000000e   Code   RO          523    i.__scatterload_zeroinit  mc_w.l(handlers.o)
    0x0800335a   0x0800335a   0x00000008   Data   RO          251    .constdata          tracker.o
    0x08003362   0x08003362   0x000005f0   Data   RO          316    .constdata          oled.o
    0x08003952   0x08003952   0x00000002   PAD
    0x08003954   0x08003954   0x00000068   Data   RO          334    .constdata          map.o
    0x080039bc   0x080039bc   0x00000020   Data   RO          519    Region$$Table       anon$$obj.o


    Execution Region RW_IRAM1 (Exec base: 0x20000000, Load base: 0x080039dc, Size: 0x00000548, Max: 0x00010000, ABSOLUTE)

    Exec Addr    Load Addr    Size         Type   Attr      Idx    E Section Name        Object

    0x20000000   0x080039dc   0x00000014   Data   RW          190    .data               system_stm32f10x.o
    0x20000014   0x080039f0   0x00000020   Data   RW          252    .data               tracker.o
    0x20000034   0x08003a10   0x0000002c   Data   RW          275    .data               motor.o
    0x20000060   0x08003a3c   0x00000004   Data   RW          347    .data               delay.o
    0x20000064   0x08003a40   0x00000006   Data   RW          379    .data               usart.o
    0x2000006a   0x08003a46   0x00000014   Data   RW          442    .data               stm32f10x_rcc.o
    0x2000007e   0x08003a5a   0x00000002   PAD
    0x20000080        -       0x000000c8   Zero   RW          378    .bss                usart.o
    0x20000148        -       0x00000400   Zero   RW          410    STACK               startup_stm32f10x_hd.o


==============================================================================

Image component sizes


      Code (inc. data)   RO Data    RW Data    ZI Data      Debug   Object Name

       212         18          0          4          0        995   delay.o
       200          6          0          0          0        868   encoder.o
        14          0          0          0          0     253047   main.o
       372          4        104          0          0       1211   map.o
       220         22          0          0          0       1753   misc.o
       652         80          0         44          0       2153   motor.o
      1032          8       1520          0          0       4864   oled.o
        36          8        304          0       1024        768   startup_stm32f10x_hd.o
       860         38          0          0          0       5685   stm32f10x_gpio.o
        52          4          0          0          0     204382   stm32f10x_it.o
       932         36          0         20          0       8836   stm32f10x_rcc.o
      3610         88          0          0          0      22792   stm32f10x_tim.o
      1032         22          0          0          0       8408   stm32f10x_usart.o
         0          0          0          0          0         32   sys.o
       480         38          0         20          0       1667   system_stm32f10x.o
       372         26          0          0          0       1352   timer.o
      1736         84          8         32          0       3532   tracker.o
       320         18          0          6        200       3066   usart.o

    ----------------------------------------------------------------------
     12136        500       1970        128       1224     525411   Object Totals
         0          0         32          0          0          0   (incl. Generated)
         4          0          2          2          0          0   (incl. Padding)

    ----------------------------------------------------------------------

      Code (inc. data)   RO Data    RW Data    ZI Data      Debug   Library Member Name

         0          0          0          0          0          0   entry.o
         0          0          0          0          0          0   entry10a.o
         0          0          0          0          0          0   entry11a.o
         4          0          0          0          0          0   entry12b.o
         8          4          0          0          0          0   entry2.o
         4          0          0          0          0          0   entry5.o
         0          0          0          0          0          0   entry7b.o
         0          0          0          0          0          0   entry8b.o
         8          4          0          0          0          0   entry9a.o
        30          0          0          0          0          0   handlers.o
        36          8          0          0          0         68   init.o
         0          0          0          0          0          0   iusefp.o
        36          0          0          0          0         68   memcpya.o
       176          0          0          0          0        140   fadd.o
       124          0          0          0          0         88   fdiv.o
       110          0          0          0          0        168   fepilogue.o
        40          0          0          0          0         68   ffixui.o
        18          0          0          0          0         68   fflti.o
        10          0          0          0          0         68   ffltui.o
       100          0          0          0          0         76   fmul.o

    ----------------------------------------------------------------------
       706         16          0          0          0        812   Library Totals
         2          0          0          0          0          0   (incl. Padding)

    ----------------------------------------------------------------------

      Code (inc. data)   RO Data    RW Data    ZI Data      Debug   Library Name

       126         16          0          0          0        136   mc_w.l
       578          0          0          0          0        676   mf_w.l

    ----------------------------------------------------------------------
       706         16          0          0          0        812   Library Totals

    ----------------------------------------------------------------------

==============================================================================


      Code (inc. data)   RO Data    RW Data    ZI Data      Debug   

     12842        516       1970        128       1224     524815   Grand Totals
     12842        516       1970        128       1224     524815   ELF Image Totals
     12842        516       1970        128          0          0   ROM Totals

==============================================================================

    Total RO  Size (Code + RO Data)                14812 (  14.46kB)
    Total RW  Size (RW Data + ZI Data)              1352 (   1.32kB)
    Total ROM Size (Code + RO Data + RW Data)      14940 (  14.59kB)

==============================================================================

